Archive member included to satisfy reference by file (symbol)

C:/Users/jukken/qnx803/target/qnx/aarch64le/usr/lib\libdrvr.a(hwi_find_device.o)
                              bs.o (hwi_find_device)
C:/Users/jukken/qnx803/target/qnx/aarch64le/usr/lib\libdrvr.a(hwi_tag_find.o)
                              bs.o (hwi_tag_find)
C:/Users/jukken/qnx803/target/qnx/aarch64le/usr/lib\libdrvr.a(hwi_find.o)
                              C:/Users/jukken/qnx803/target/qnx/aarch64le/usr/lib\libdrvr.a(hwi_find_device.o) (hwi_find)

Discarded input sections

 .note.GNU-stack
                0x0000000000000000        0x0 C:/Users/jukken/qnx803/host/win64/x86_64/usr/lib/gcc/aarch64-unknown-nto-qnx8.0.0/12.2.0//crtbegin.o
 .note.GNU-stack
                0x0000000000000000        0x0 base.o
 .note.GNU-stack
                0x0000000000000000        0x0 bs.o
 .note.GNU-stack
                0x0000000000000000        0x0 card.o
 .note.GNU-stack
                0x0000000000000000        0x0 dwmshc.o
 .note.GNU-stack
                0x0000000000000000        0x0 imx8_hc.o
 .note.GNU-stack
                0x0000000000000000        0x0 ls10xx.o
 .note.GNU-stack
                0x0000000000000000        0x0 mmc.o
 .note.GNU-stack
                0x0000000000000000        0x0 pci.o
 .note.GNU-stack
                0x0000000000000000        0x0 rcar.o
 .note.GNU-stack
                0x0000000000000000        0x0 sd.o
 .note.GNU-stack
                0x0000000000000000        0x0 sdhci.o
 .note.GNU-stack
                0x0000000000000000        0x0 sdhci_dwc.o
 .note.GNU-stack
                0x0000000000000000        0x0 sdhci_pci.o
 .note.GNU-stack
                0x0000000000000000        0x0 sim_assd.o
 .note.GNU-stack
                0x0000000000000000        0x0 sim_bs.o
 .note.GNU-stack
                0x0000000000000000        0x0 sim_sdmmc.o
 .note.GNU-stack
                0x0000000000000000        0x0 soc.o
 .note.GNU-stack
                0x0000000000000000        0x0 C:/Users/jukken/qnx803/host/win64/x86_64/usr/lib/gcc/aarch64-unknown-nto-qnx8.0.0/12.2.0//crtend.o

Memory Configuration

Name             Origin             Length             Attributes
*default*        0x0000000000000000 0xffffffffffffffff

Linker script and memory map

LOAD C:/Users/jukken/qnx803/target/qnx/aarch64le/lib/crt1.o
LOAD C:/Users/jukken/qnx803/target/qnx/aarch64le/lib/crti.o
LOAD C:/Users/jukken/qnx803/host/win64/x86_64/usr/lib/gcc/aarch64-unknown-nto-qnx8.0.0/12.2.0//crtbegin.o
LOAD base.o
LOAD bs.o
LOAD card.o
LOAD dwmshc.o
LOAD imx8_hc.o
LOAD ls10xx.o
LOAD mmc.o
LOAD pci.o
LOAD rcar.o
LOAD sd.o
LOAD sdhci.o
LOAD sdhci_dwc.o
LOAD sdhci_pci.o
LOAD sim_assd.o
LOAD sim_bs.o
LOAD sim_sdmmc.o
LOAD soc.o
LOAD C:/Users/jukken/qnx803/target/qnx/aarch64le/usr/lib\libdrvr.a
LOAD C:/Users/jukken/qnx803/target/qnx/aarch64le/usr/lib\libcache.a
LOAD C:/Users/jukken/qnx803/target/qnx/aarch64le/lib\libsmmu.a
LOAD C:/Users/jukken/qnx803/target/qnx/aarch64le/lib/libsecpol.so
LOAD C:/Users/jukken/qnx803/target/qnx/aarch64le/lib/libslog2.so
LOAD C:/Users/jukken/qnx803/target/qnx/aarch64le/lib/libcam.so
LOAD C:/Users/jukken/qnx803/target/qnx/aarch64le/lib/libc.so
LOAD C:/Users/jukken/qnx803/target/qnx/aarch64le/lib\libcS.a
LOAD C:/Users/jukken/qnx803/target/qnx/aarch64le/lib/libgcc_s.so
LOAD C:/Users/jukken/qnx803/host/win64/x86_64/usr/lib/gcc/aarch64-unknown-nto-qnx8.0.0/12.2.0\libgcc_eh.a
LOAD C:/Users/jukken/qnx803/host/win64/x86_64/usr/lib/gcc/aarch64-unknown-nto-qnx8.0.0/12.2.0//crtend.o
LOAD C:/Users/jukken/qnx803/target/qnx/aarch64le/lib/crtn.o
                [!provide]                        PROVIDE (__executable_start = SEGMENT_START ("text-segment", 0x0))
                0x0000000000000270                . = (SEGMENT_START ("text-segment", 0x0) + SIZEOF_HEADERS)

.interp         0x0000000000000270       0x17
 *(.interp)
 .interp        0x0000000000000270       0x17 C:/Users/jukken/qnx803/target/qnx/aarch64le/lib/crt1.o

.note.gnu.build-id
                0x0000000000000288       0x20
 *(.note.gnu.build-id)
 .note.gnu.build-id
                0x0000000000000288       0x20 C:/Users/jukken/qnx803/target/qnx/aarch64le/lib/crt1.o

.note           0x00000000000002a8       0x1c
 .note          0x00000000000002a8       0x1c C:/Users/jukken/qnx803/target/qnx/aarch64le/lib/crtn.o

.hash
 *(.hash)

.gnu.hash       0x00000000000002c8       0x40
 *(.gnu.hash)
 .gnu.hash      0x00000000000002c8       0x40 C:/Users/jukken/qnx803/target/qnx/aarch64le/lib/crt1.o

.dynsym         0x0000000000000308      0xc48
 *(.dynsym)
 .dynsym        0x0000000000000308      0xc48 C:/Users/jukken/qnx803/target/qnx/aarch64le/lib/crt1.o

.dynstr         0x0000000000000f50      0x749
 *(.dynstr)
 .dynstr        0x0000000000000f50      0x749 C:/Users/jukken/qnx803/target/qnx/aarch64le/lib/crt1.o

.gnu.version    0x000000000000169a        0x0
 *(.gnu.version)
 .gnu.version   0x000000000000169a        0x0 C:/Users/jukken/qnx803/target/qnx/aarch64le/lib/crt1.o

.gnu.version_d  0x00000000000016a0        0x0
 *(.gnu.version_d)
 .gnu.version_d
                0x00000000000016a0        0x0 C:/Users/jukken/qnx803/target/qnx/aarch64le/lib/crt1.o

.gnu.version_r  0x00000000000016a0        0x0
 *(.gnu.version_r)
 .gnu.version_r
                0x00000000000016a0        0x0 C:/Users/jukken/qnx803/target/qnx/aarch64le/lib/crt1.o

.rela.dyn       0x00000000000016a0     0x1080
 *(.rela.init)
 *(.rela.text .rela.text.* .rela.gnu.linkonce.t.*)
 *(.rela.fini)
 *(.rela.rodata .rela.rodata.* .rela.gnu.linkonce.r.*)
 *(.rela.data .rela.data.* .rela.gnu.linkonce.d.*)
 .rela.data.rel.ro
                0x00000000000016a0        0x0 C:/Users/jukken/qnx803/target/qnx/aarch64le/lib/crt1.o
 .rela.data.rel.local
                0x00000000000016a0      0x4e0 C:/Users/jukken/qnx803/target/qnx/aarch64le/lib/crt1.o
 .rela.data.rel.ro.local
                0x0000000000001b80      0x978 C:/Users/jukken/qnx803/target/qnx/aarch64le/lib/crt1.o
 .rela.data     0x00000000000024f8      0x198 C:/Users/jukken/qnx803/target/qnx/aarch64le/lib/crt1.o
 *(.rela.tdata .rela.tdata.* .rela.gnu.linkonce.td.*)
 *(.rela.tbss .rela.tbss.* .rela.gnu.linkonce.tb.*)
 *(.rela.ctors)
 *(.rela.dtors)
 *(.rela.got)
 .rela.got      0x0000000000002690       0x78 C:/Users/jukken/qnx803/target/qnx/aarch64le/lib/crt1.o
 *(.rela.bss .rela.bss.* .rela.gnu.linkonce.b.*)
 .rela.bss      0x0000000000002708        0x0 C:/Users/jukken/qnx803/target/qnx/aarch64le/lib/crt1.o
 *(.rela.ifunc)
 .rela.ifunc    0x0000000000002708        0x0 C:/Users/jukken/qnx803/target/qnx/aarch64le/lib/crt1.o
 .rela.fini_array
                0x0000000000002708       0x18 C:/Users/jukken/qnx803/target/qnx/aarch64le/lib/crt1.o

.rela.plt       0x0000000000002720      0xb28
 *(.rela.plt)
 .rela.plt      0x0000000000002720      0xb28 C:/Users/jukken/qnx803/target/qnx/aarch64le/lib/crt1.o
 *(.rela.iplt)

.init
 *(SORT_NONE(.init))

.plt            0x0000000000003250      0x790
 *(.plt)
 .plt           0x0000000000003250      0x790 C:/Users/jukken/qnx803/target/qnx/aarch64le/lib/crt1.o
 *(.iplt)

.text           0x00000000000039e0    0x14e5c
                0x00000000000039e0                _btext = .
 *(.text.unlikely .text.*_unlikely .text.unlikely.*)
 *(.text.exit .text.exit.*)
 *(.text.startup .text.startup.*)
 .text.startup  0x00000000000039e0       0xa8 sim_sdmmc.o
                0x00000000000039e0                main
 *(.text.hot .text.hot.*)
 *(SORT_BY_NAME(.text.sorted.*))
 *(.text .stub .text.* .gnu.linkonce.t.*)
 .text          0x0000000000003a88       0x94 C:/Users/jukken/qnx803/target/qnx/aarch64le/lib/crt1.o
                0x0000000000003a88                _start
 .text          0x0000000000003b1c        0x0 C:/Users/jukken/qnx803/target/qnx/aarch64le/lib/crti.o
 *fill*         0x0000000000003b1c        0x4 00000000
 .text          0x0000000000003b20       0x44 C:/Users/jukken/qnx803/host/win64/x86_64/usr/lib/gcc/aarch64-unknown-nto-qnx8.0.0/12.2.0//crtbegin.o
 *fill*         0x0000000000003b64        0xc 00000000
 .text          0x0000000000003b70     0x4c68 base.o
                0x0000000000004204                sdio_slogf
                0x0000000000004930                fls
                0x0000000000004960                sdio_alloc
                0x0000000000004990                sdio_free
                0x0000000000004994                sdio_hc_alloc
                0x0000000000004a14                sdio_hc_free
                0x0000000000004a60                sdio_vtop_sg
                0x0000000000004a64                sdio_vtop
                0x0000000000004a70                sdio_hc_getsubopt
                0x0000000000004b90                sdio_set_thread_state
                0x0000000000004bd0                sdio_create_thread
                0x0000000000004d20                sdio_extract_bits
                0x0000000000004d84                sdio_sg_start
                0x0000000000004db4                sdio_sg_nxt
                0x0000000000004e24                sdio_device_errata
                0x0000000000004f50                sdio_reconcile_errata
                0x0000000000004fc0                sdio_drv_type
                0x0000000000005030                sdio_bus_mode
                0x00000000000050a4                sdio_bus_width
                0x0000000000005104                sdio_clock
                0x0000000000005340                sdio_timing
                0x00000000000053b0                sdio_signal_voltage
                0x0000000000005420                sdio_select_voltage
                0x0000000000005480                sdio_tune
                0x00000000000054f0                sdio_preset
                0x0000000000005510                _sdio_cache
                0x0000000000005524                _sdio_reset
                0x0000000000005650                _sdio_retune
                0x0000000000005780                sdio_wait_cmd
                0x00000000000058c0                sdio_issue_cmd
                0x00000000000059e0                sdio_cmd_cmplt
                0x0000000000005aa4                _sdio_send_cmd
                0x0000000000005cc0                _sdio_send_status
                0x0000000000005d70                _sdio_wait_card_status
                0x0000000000005ed0                sdio_send_csd
                0x0000000000005f80                sdio_select_card
                0x0000000000006030                _sdio_pwrmgnt
                0x0000000000007094                _sdio_stop_transmission
                0x0000000000007134                _sdio_set_block_length
                0x00000000000071f0                _sdio_set_block_count
                0x0000000000007310                _sdio_lock_unlock
                0x0000000000007524                sdio_go_idle
                0x00000000000075a0                sdio_all_send_cid
                0x0000000000007650                _sdio_bus_error
                0x00000000000077c0                sdio_hc_event
                0x0000000000007834                sdio_timer_settime
                0x00000000000078c0                sdio_options
                0x0000000000008250                sdio_hc_lookup
                0x0000000000008364                _sdio_disconnect
                0x00000000000083d4                _sdio_connect
 *fill*         0x00000000000087d8        0x8 00000000
 .text          0x00000000000087e0      0x9c0 bs.o
 .text          0x00000000000091a0     0x1c54 card.o
                0x00000000000091a0                sdio_device_lookup
                0x0000000000009224                sdio_client_hdl
                0x0000000000009230                sdio_bs_hdl
                0x0000000000009240                sdio_get_cid
                0x0000000000009250                sdio_get_raw_cid
                0x0000000000009260                sdio_get_csd
                0x0000000000009270                sdio_get_raw_csd
                0x0000000000009280                sdio_get_ecsd
                0x0000000000009290                sdio_get_raw_ecsd
                0x00000000000092a0                sdio_get_raw_scr
                0x00000000000092b0                sdio_verbosity
                0x00000000000092d0                sdio_alloc_cmd
                0x0000000000009360                sdio_free_cmd
                0x00000000000093a0                sdio_cmd_status
                0x00000000000093c4                sdio_setup_cmd_ext
                0x00000000000093e0                sdio_setup_cmd
                0x0000000000009400                sdio_setup_cmd_io
                0x0000000000009424                sdio_send_cmd
                0x0000000000009510                sdio_stop_transmission
                0x00000000000095e0                sdio_set_partition
                0x00000000000096d0                sdio_set_block_count
                0x00000000000097a0                sdio_set_block_length
                0x0000000000009870                sdio_sd_switch
                0x0000000000009960                sdio_mmc_switch
                0x0000000000009a60                sdio_mmc_rpmb_rw
                0x0000000000009b44                sdio_mmc_gen_man
                0x0000000000009c50                sdio_send_ext_csd
                0x0000000000009d20                sdio_wait_card_status
                0x0000000000009e10                sdio_send_status
                0x0000000000009ee0                sdio_retune
                0x0000000000009fd0                sdio_hpi
                0x000000000000a224                sdio_hc_info
                0x000000000000a290                sdio_dev_info
                0x000000000000a3e0                sdio_cache
                0x000000000000a4e0                sdio_pwroff_notify
                0x000000000000a5f0                sdio_erase
                0x000000000000a714                sdio_lock_unlock
                0x000000000000a830                sdio_bus_error
                0x000000000000a8e0                sdio_reset
                0x000000000000a9a0                sdio_idle
                0x000000000000aa44                sdio_pwrmgnt
                0x000000000000ab10                sdio_detach
                0x000000000000ab80                sdio_attach
                0x000000000000ac94                sdio_enum
                0x000000000000acd0                sdio_disconnect
                0x000000000000acd4                sdio_connect
                0x000000000000ad10                sdio_app_read_status
 .text          0x000000000000adf4        0x0 dwmshc.o
 .text          0x000000000000adf4        0x0 imx8_hc.o
 .text          0x000000000000adf4        0x0 ls10xx.o
 *fill*         0x000000000000adf4        0xc 00000000
 .text          0x000000000000ae00     0x2a0c mmc.o
                0x000000000000bce0                mmc_switch
                0x000000000000bcf0                mmc_rpmb_rw
                0x000000000000bed4                mmc_gen_man_cmd
                0x000000000000c160                mmc_set_partition
                0x000000000000c1c0                mmc_sleep_awake
                0x000000000000c290                mmc_cache
                0x000000000000c364                mmc_pwroff_notify
                0x000000000000c3e4                mmc_erase_timeout
                0x000000000000c510                mmc_erase
                0x000000000000c6b0                mmc_send_ext_csd
                0x000000000000c7d0                mmc_retune
                0x000000000000cb20                mmc_init_device
                0x000000000000d654                mmc_bus_error
                0x000000000000d740                mmc_ident
 .text          0x000000000000d80c        0x0 pci.o
 .text          0x000000000000d80c        0x0 rcar.o
 *fill*         0x000000000000d80c        0x4 00000000
 .text          0x000000000000d810     0x2470 sd.o
                0x000000000000dcf0                sd_pwroff_notify
                0x000000000000ddf0                sd_cache
                0x000000000000df90                sd_switch
                0x000000000000e7d0                sd_app_cmd
                0x000000000000e854                sd_app_sd_status
                0x000000000000ed20                sd_erase_timeout
                0x000000000000ed40                sd_erase
                0x000000000000eea0                sd_send_if_cond
                0x000000000000f200                sd_lock_unlock
                0x000000000000f2a0                sd_init_device
                0x000000000000fb04                sd_bus_error
                0x000000000000fbc0                sd_ident
 .text          0x000000000000fc80     0x1be8 sdhci.o
                0x0000000000010ab0                sdhci_reset
                0x0000000000010d74                sdhci_dinit
                0x0000000000011170                sdhci_init
 .text          0x0000000000011868        0x0 sdhci_dwc.o
 .text          0x0000000000011868        0x0 sdhci_pci.o
 *fill*         0x0000000000011868        0x8 00000000
 .text          0x0000000000011870      0xab4 sim_assd.o
                0x0000000000011cd0                sdmmc_assd_control_devctl
                0x0000000000011df4                sdmmc_assd_status_devctl
                0x0000000000011e60                sdmmc_assd_properties_devctl
                0x0000000000011ee0                sdmmc_assd_apdu_devctl
                0x00000000000122f0                sdmmc_assd_init
 *fill*         0x0000000000012324        0xc 00000000
 .text          0x0000000000012330       0x9c sim_bs.o
                0x0000000000012330                sim_bs_args
 *fill*         0x00000000000123cc        0x4 00000000
 .text          0x00000000000123d0     0x61f4 sim_sdmmc.o
                0x00000000000123d0                sdmmc_sim_init
                0x0000000000012920                sdmmc_sim_args
                0x0000000000012f10                sdmmc_sim_action
                0x0000000000013634                sdmmc_sense
                0x00000000000136c0                sdmmc_unit_ready
                0x0000000000013870                sdmmc_bkops_cfg
                0x0000000000013c70                sdmmc_sim_detach
                0x0000000000014330                sdmmc_sim_attach
                0x0000000000014680                sdmmc_reset
                0x00000000000147c0                sdmmc_bkops
                0x0000000000014d64                sdmmc_rw
                0x00000000000151c4                sdmmc_read_write
                0x00000000000156b4                sdmmc_wp_devctl
                0x0000000000015be0                sdmmc_erase_devctl
                0x0000000000015e90                sdmmc_card_register_devctl
                0x0000000000017e90                sdmmc_driver_thread
                0x0000000000018230                sdmmc_suspend
                0x00000000000183f0                sdmmc_resume
 .text          0x00000000000185c4        0x0 soc.o
 *fill*         0x00000000000185c4        0xc 00000000
 .text          0x00000000000185d0       0x64 C:/Users/jukken/qnx803/target/qnx/aarch64le/usr/lib\libdrvr.a(hwi_find_device.o)
                0x00000000000185d0                hwi_find_device
 *fill*         0x0000000000018634        0xc 00000000
 .text          0x0000000000018640       0xfc C:/Users/jukken/qnx803/target/qnx/aarch64le/usr/lib\libdrvr.a(hwi_tag_find.o)
                0x0000000000018640                hwi_tag_find
 *fill*         0x000000000001873c        0x4 00000000
 .text          0x0000000000018740       0xfc C:/Users/jukken/qnx803/target/qnx/aarch64le/usr/lib\libdrvr.a(hwi_find.o)
                0x0000000000018740                hwi_find
 .text          0x000000000001883c        0x0 C:/Users/jukken/qnx803/host/win64/x86_64/usr/lib/gcc/aarch64-unknown-nto-qnx8.0.0/12.2.0//crtend.o
 .text          0x000000000001883c        0x0 C:/Users/jukken/qnx803/target/qnx/aarch64le/lib/crtn.o
 *(.gnu.warning)

.fini
 *(SORT_NONE(.fini))
                [!provide]                        PROVIDE (__etext = .)
                [!provide]                        PROVIDE (_etext = .)
                [!provide]                        PROVIDE (etext = .)

.rodata         0x0000000000018840     0x2c14
 *(.rodata .rodata.* .gnu.linkonce.r.*)
 .rodata.str1.8
                0x0000000000018840     0x2300 base.o
                                        0xea2 (size before relaxing)
 .rodata        0x000000000001ab40      0x280 base.o
                0x000000000001ad00                sdio_tbp_8bit
                0x000000000001ad80                sdio_tbp_4bit
 .rodata.cst8   0x000000000001adc0       0x20 base.o
                                         0x10 (size before relaxing)
 .rodata.cst16  0x000000000001ade0       0x20 base.o
                                         0x10 (size before relaxing)
 .rodata.str1.8
                0x000000000001ae00      0x378 bs.o
 .rodata.cst16  0x000000000001ae00       0x10 bs.o
 .rodata.cst8   0x000000000001ae00        0x8 bs.o
 .rodata        0x000000000001ae00       0xaf bs.o
 .rodata.str1.8
                0x000000000001aeaf      0x30f mmc.o
 *fill*         0x000000000001aeaf        0x1 
 .rodata        0x000000000001aeb0      0x150 mmc.o
 .rodata.str1.8
                0x000000000001b000      0x294 sd.o
 .rodata        0x000000000001b000      0x1af sd.o
 .rodata.str1.8
                0x000000000001b1af      0x1db sdhci.o
 *fill*         0x000000000001b1af        0x1 
 .rodata        0x000000000001b1b0       0x56 sdhci.o
 .rodata.str1.8
                0x000000000001b206       0x39 sim_assd.o
 *fill*         0x000000000001b206        0x2 
 .rodata        0x000000000001b208        0xe sim_assd.o
 .rodata.str1.8
                0x000000000001b216      0x98e sim_sdmmc.o
 .rodata.cst8   0x000000000001b216        0x8 sim_sdmmc.o
 *fill*         0x000000000001b216        0x2 
 .rodata        0x000000000001b218      0x23c sim_sdmmc.o
 .rodata.str1.8
                0x000000000001b454        0x7 C:/Users/jukken/qnx803/target/qnx/aarch64le/usr/lib\libdrvr.a(hwi_find_device.o)
 .rodata.str1.8
                0x000000000001b454        0x8 C:/Users/jukken/qnx803/target/qnx/aarch64le/usr/lib\libdrvr.a(hwi_find.o)

.rodata1
 *(.rodata1)

.eh_frame_hdr   0x000000000001b454      0x71c
 *(.eh_frame_hdr)
 .eh_frame_hdr  0x000000000001b454      0x71c C:/Users/jukken/qnx803/host/win64/x86_64/usr/lib/gcc/aarch64-unknown-nto-qnx8.0.0/12.2.0//crtbegin.o
                0x000000000001b454                __GNU_EH_FRAME_HDR
 *(.eh_frame_entry .eh_frame_entry.*)

.eh_frame       0x000000000001bb70     0x30ec
 *(.eh_frame)
 .eh_frame      0x000000000001bb70       0x38 C:/Users/jukken/qnx803/host/win64/x86_64/usr/lib/gcc/aarch64-unknown-nto-qnx8.0.0/12.2.0//crtbegin.o
 .eh_frame      0x000000000001bba8      0xca8 base.o
                                        0xcc0 (size before relaxing)
 .eh_frame      0x000000000001c850      0x158 bs.o
                                        0x168 (size before relaxing)
 .eh_frame      0x000000000001c9a8      0x818 card.o
                                        0x828 (size before relaxing)
 .eh_frame      0x000000000001d1c0      0x4c0 mmc.o
                                        0x4d8 (size before relaxing)
 .eh_frame      0x000000000001d680      0x5d0 sd.o
                                        0x5e8 (size before relaxing)
 .eh_frame      0x000000000001dc50      0x3c8 sdhci.o
                                        0x3d8 (size before relaxing)
 .eh_frame      0x000000000001e018      0x1f8 sim_assd.o
                                        0x208 (size before relaxing)
 .eh_frame      0x000000000001e210       0x38 sim_bs.o
                                         0x50 (size before relaxing)
 .eh_frame      0x000000000001e248      0x958 sim_sdmmc.o
                                        0x970 (size before relaxing)
 .eh_frame      0x000000000001eba0       0x30 C:/Users/jukken/qnx803/target/qnx/aarch64le/usr/lib\libdrvr.a(hwi_find_device.o)
                                         0x40 (size before relaxing)
 .eh_frame      0x000000000001ebd0       0x48 C:/Users/jukken/qnx803/target/qnx/aarch64le/usr/lib\libdrvr.a(hwi_tag_find.o)
                                         0x58 (size before relaxing)
 .eh_frame      0x000000000001ec18       0x40 C:/Users/jukken/qnx803/target/qnx/aarch64le/usr/lib\libdrvr.a(hwi_find.o)
                                         0x58 (size before relaxing)
 .eh_frame      0x000000000001ec58        0x4 C:/Users/jukken/qnx803/host/win64/x86_64/usr/lib/gcc/aarch64-unknown-nto-qnx8.0.0/12.2.0//crtend.o
 *(.eh_frame.*)

.sframe
 *(.sframe)
 *(.sframe.*)

.gcc_except_table
 *(.gcc_except_table .gcc_except_table.*)

.gnu_extab
 *(.gnu_extab*)

.exception_ranges
 *(.exception_ranges*)
                0x000000000001f6e8                . = DATA_SEGMENT_ALIGN (CONSTANT (MAXPAGESIZE), CONSTANT (COMMONPAGESIZE))

.eh_frame
 *(.eh_frame)
 *(.eh_frame.*)

.sframe
 *(.sframe)
 *(.sframe.*)

.gnu_extab
 *(.gnu_extab)

.gcc_except_table
 *(.gcc_except_table .gcc_except_table.*)

.exception_ranges
 *(.exception_ranges*)

.tdata          0x000000000001f6e8        0x0
                [!provide]                        PROVIDE (__tdata_start = .)
 *(.tdata .tdata.* .gnu.linkonce.td.*)

.tbss
 *(.tbss .tbss.* .gnu.linkonce.tb.*)
 *(.tcommon)

.preinit_array  0x000000000001f6e8        0x0
                0x000000000001f6e8                PROVIDE (__preinit_array_start = .)
 *(.preinit_array)
                0x000000000001f6e8                PROVIDE (__preinit_array_end = .)

.init_array     0x000000000001f6e8        0x0
                0x000000000001f6e8                PROVIDE (__init_array_start = .)
 *(SORT_BY_INIT_PRIORITY(.init_array.*) SORT_BY_INIT_PRIORITY(.ctors.*))
 *(.init_array EXCLUDE_FILE(*crtend?.o *crtend.o *crtbegin?.o *crtbegin.o) .ctors)
                0x000000000001f6e8                PROVIDE (__init_array_end = .)

.fini_array     0x000000000001f6e8        0x8
                0x000000000001f6e8                PROVIDE (__fini_array_start = .)
 *(SORT_BY_INIT_PRIORITY(.fini_array.*) SORT_BY_INIT_PRIORITY(.dtors.*))
 *(.fini_array EXCLUDE_FILE(*crtend?.o *crtend.o *crtbegin?.o *crtbegin.o) .dtors)
 .fini_array    0x000000000001f6e8        0x8 C:/Users/jukken/qnx803/host/win64/x86_64/usr/lib/gcc/aarch64-unknown-nto-qnx8.0.0/12.2.0//crtbegin.o
                0x000000000001f6f0                PROVIDE (__fini_array_end = .)

.ctors
 *crtbegin.o(.ctors)
 *crtbegin?.o(.ctors)
 *(EXCLUDE_FILE(*crtend?.o *crtend.o) .ctors)
 *(SORT_BY_NAME(.ctors.*))
 *(.ctors)

.dtors
 *crtbegin.o(.dtors)
 *crtbegin?.o(.dtors)
 *(EXCLUDE_FILE(*crtend?.o *crtend.o) .dtors)
 *(SORT_BY_NAME(.dtors.*))
 *(.dtors)

.jcr
 *(.jcr)

.data.rel.ro    0x000000000001f6f0      0x348
 *(.data.rel.ro.local* .gnu.linkonce.d.rel.ro.local.*)
 .data.rel.ro.local
                0x000000000001f6f0      0x328 base.o
 .data.rel.ro.local
                0x000000000001fa18       0x20 sim_sdmmc.o
 *(.data.rel.ro .data.rel.ro.* .gnu.linkonce.d.rel.ro.*)
 .data.rel.ro   0x000000000001fa38        0x0 C:/Users/jukken/qnx803/target/qnx/aarch64le/lib/crt1.o

.dynamic        0x000000000001fa38      0x1c0
 *(.dynamic)
 .dynamic       0x000000000001fa38      0x1c0 C:/Users/jukken/qnx803/target/qnx/aarch64le/lib/crt1.o
                0x000000000001fa38                _DYNAMIC

.got            0x000000000001fbf8      0x400
 *(.got.plt)
 .got.plt       0x000000000001fbf8      0x3d0 C:/Users/jukken/qnx803/target/qnx/aarch64le/lib/crt1.o
 *(.igot.plt)
 *(.got)
 .got           0x000000000001ffc8       0x30 C:/Users/jukken/qnx803/target/qnx/aarch64le/lib/crt1.o
                0x000000000001ffc8                _GLOBAL_OFFSET_TABLE_
 *(.igot)
                0x0000000000020000                . = DATA_SEGMENT_RELRO_END (., 0x0)

.data           0x0000000000020000      0x3d0
                0x0000000000020000                __data_start = .
 *(.data .data.* .gnu.linkonce.d.*)
 .data          0x0000000000020000        0x0 C:/Users/jukken/qnx803/target/qnx/aarch64le/lib/crt1.o
 .data          0x0000000000020000        0x0 C:/Users/jukken/qnx803/target/qnx/aarch64le/lib/crti.o
 .data          0x0000000000020000        0x0 C:/Users/jukken/qnx803/host/win64/x86_64/usr/lib/gcc/aarch64-unknown-nto-qnx8.0.0/12.2.0//crtbegin.o
 .data.rel.local
                0x0000000000020000        0x8 C:/Users/jukken/qnx803/host/win64/x86_64/usr/lib/gcc/aarch64-unknown-nto-qnx8.0.0/12.2.0//crtbegin.o
                0x0000000000020000                __dso_handle
 .data          0x0000000000020008        0x0 base.o
 *fill*         0x0000000000020008        0x8 
 .data.rel.local
                0x0000000000020010       0xb0 base.o
 .data          0x00000000000200c0        0x0 bs.o
 .data.rel.local
                0x00000000000200c0       0x60 bs.o
                0x00000000000200d0                sdio_vendors
 .data          0x0000000000020120        0x0 card.o
 .data          0x0000000000020120        0x0 dwmshc.o
 .data          0x0000000000020120        0x0 imx8_hc.o
 .data          0x0000000000020120        0x0 ls10xx.o
 .data          0x0000000000020120        0x0 mmc.o
 .data.rel.local
                0x0000000000020120      0x118 mmc.o
 .data          0x0000000000020238        0x0 pci.o
 .data          0x0000000000020238        0x0 rcar.o
 .data          0x0000000000020238        0x0 sd.o
 .data.rel.local
                0x0000000000020238       0x50 sd.o
 .data          0x0000000000020288       0x88 sdhci.o
 .data.rel.local
                0x0000000000020310       0x30 sdhci.o
 .data          0x0000000000020340        0x0 sdhci_dwc.o
 .data          0x0000000000020340        0x0 sdhci_pci.o
 .data          0x0000000000020340        0x0 sim_assd.o
 .data          0x0000000000020340        0x0 sim_bs.o
 .data          0x0000000000020340       0x20 sim_sdmmc.o
 .data.rel.local
                0x0000000000020360       0x70 sim_sdmmc.o
 .data          0x00000000000203d0        0x0 soc.o
 .data          0x00000000000203d0        0x0 C:/Users/jukken/qnx803/target/qnx/aarch64le/usr/lib\libdrvr.a(hwi_find_device.o)
 .data          0x00000000000203d0        0x0 C:/Users/jukken/qnx803/target/qnx/aarch64le/usr/lib\libdrvr.a(hwi_tag_find.o)
 .data          0x00000000000203d0        0x0 C:/Users/jukken/qnx803/target/qnx/aarch64le/usr/lib\libdrvr.a(hwi_find.o)
 .data          0x00000000000203d0        0x0 C:/Users/jukken/qnx803/host/win64/x86_64/usr/lib/gcc/aarch64-unknown-nto-qnx8.0.0/12.2.0//crtend.o
 .data          0x00000000000203d0        0x0 C:/Users/jukken/qnx803/target/qnx/aarch64le/lib/crtn.o

.data1
 *(.data1)
                0x00000000000203d0                _edata = .
                [!provide]                        PROVIDE (edata = .)
                0x00000000000203d0                . = ALIGN (ALIGNOF (NEXT_SECTION))
                0x00000000000203d0                __bss_start = .
                0x00000000000203d0                __bss_start__ = .

.bss            0x00000000000203d0      0x160
 *(.dynbss)
 .dynbss        0x00000000000203d0        0x0 C:/Users/jukken/qnx803/target/qnx/aarch64le/lib/crt1.o
 *(.bss .bss.* .gnu.linkonce.b.*)
 .bss           0x00000000000203d0        0x0 C:/Users/jukken/qnx803/target/qnx/aarch64le/lib/crt1.o
 .bss           0x00000000000203d0        0x0 C:/Users/jukken/qnx803/target/qnx/aarch64le/lib/crti.o
 .bss           0x00000000000203d0        0x1 C:/Users/jukken/qnx803/host/win64/x86_64/usr/lib/gcc/aarch64-unknown-nto-qnx8.0.0/12.2.0//crtbegin.o
 *fill*         0x00000000000203d1        0xf 
 .bss           0x00000000000203e0       0xe8 base.o
                0x00000000000203e0                sdio_ctrl
 .bss           0x00000000000204c8       0x28 bs.o
 .bss           0x00000000000204f0        0x0 card.o
 .bss           0x00000000000204f0        0x0 dwmshc.o
 .bss           0x00000000000204f0        0x0 imx8_hc.o
 .bss           0x00000000000204f0        0x0 ls10xx.o
 .bss           0x00000000000204f0        0x0 mmc.o
 .bss           0x00000000000204f0        0x0 pci.o
 .bss           0x00000000000204f0        0x0 rcar.o
 .bss           0x00000000000204f0        0x0 sd.o
 .bss           0x00000000000204f0        0x0 sdhci.o
 .bss           0x00000000000204f0        0x0 sdhci_dwc.o
 .bss           0x00000000000204f0        0x0 sdhci_pci.o
 .bss           0x00000000000204f0        0x0 sim_assd.o
 .bss           0x00000000000204f0        0x8 sim_bs.o
 .bss           0x00000000000204f8       0x38 sim_sdmmc.o
                0x00000000000204f8                sdmmc_ctrl
 .bss           0x0000000000020530        0x0 soc.o
 .bss           0x0000000000020530        0x0 C:/Users/jukken/qnx803/target/qnx/aarch64le/usr/lib\libdrvr.a(hwi_find_device.o)
 .bss           0x0000000000020530        0x0 C:/Users/jukken/qnx803/target/qnx/aarch64le/usr/lib\libdrvr.a(hwi_tag_find.o)
 .bss           0x0000000000020530        0x0 C:/Users/jukken/qnx803/target/qnx/aarch64le/usr/lib\libdrvr.a(hwi_find.o)
 .bss           0x0000000000020530        0x0 C:/Users/jukken/qnx803/host/win64/x86_64/usr/lib/gcc/aarch64-unknown-nto-qnx8.0.0/12.2.0//crtend.o
 .bss           0x0000000000020530        0x0 C:/Users/jukken/qnx803/target/qnx/aarch64le/lib/crtn.o
 *(COMMON)
                0x0000000000020530                . = ALIGN ((. != 0x0)?0x8:0x1)
                0x0000000000020530                _bss_end__ = .
                0x0000000000020530                __bss_end__ = .
                0x0000000000020530                . = ALIGN (0x8)
                0x0000000000020530                . = SEGMENT_START ("ldata-segment", .)
                0x0000000000020530                . = ALIGN (0x8)
                0x0000000000020530                __end__ = .
                0x0000000000020530                _end = .
                [!provide]                        PROVIDE (end = .)
                0x0000000000020530                . = DATA_SEGMENT_END (.)

.stab
 *(.stab)

.stabstr
 *(.stabstr)

.stab.excl
 *(.stab.excl)

.stab.exclstr
 *(.stab.exclstr)

.stab.index
 *(.stab.index)

.stab.indexstr
 *(.stab.indexstr)

.comment        0x0000000000000000       0x65
 *(.comment)
 .comment       0x0000000000000000       0x65 C:/Users/jukken/qnx803/host/win64/x86_64/usr/lib/gcc/aarch64-unknown-nto-qnx8.0.0/12.2.0//crtbegin.o
                                         0x46 (size before relaxing)
 .comment       0x0000000000000065       0x46 base.o
 .comment       0x0000000000000065       0x46 bs.o
 .comment       0x0000000000000065       0x46 card.o
 .comment       0x0000000000000065       0x46 dwmshc.o
 .comment       0x0000000000000065       0x46 imx8_hc.o
 .comment       0x0000000000000065       0x46 ls10xx.o
 .comment       0x0000000000000065       0x46 mmc.o
 .comment       0x0000000000000065       0x46 pci.o
 .comment       0x0000000000000065       0x46 rcar.o
 .comment       0x0000000000000065       0x46 sd.o
 .comment       0x0000000000000065       0x46 sdhci.o
 .comment       0x0000000000000065       0x46 sdhci_dwc.o
 .comment       0x0000000000000065       0x46 sdhci_pci.o
 .comment       0x0000000000000065       0x46 sim_assd.o
 .comment       0x0000000000000065       0x46 sim_bs.o
 .comment       0x0000000000000065       0x46 sim_sdmmc.o
 .comment       0x0000000000000065       0x46 soc.o
 .comment       0x0000000000000065       0x21 C:/Users/jukken/qnx803/target/qnx/aarch64le/usr/lib\libdrvr.a(hwi_find_device.o)
 .comment       0x0000000000000065       0x21 C:/Users/jukken/qnx803/target/qnx/aarch64le/usr/lib\libdrvr.a(hwi_tag_find.o)
 .comment       0x0000000000000065       0x21 C:/Users/jukken/qnx803/target/qnx/aarch64le/usr/lib\libdrvr.a(hwi_find.o)
 .comment       0x0000000000000065       0x46 C:/Users/jukken/qnx803/host/win64/x86_64/usr/lib/gcc/aarch64-unknown-nto-qnx8.0.0/12.2.0//crtend.o

.qnx.srctrack   0x0000000000000000      0xab3
 .qnx.srctrack  0x0000000000000000      0xab3 C:/Users/jukken/qnx803/target/qnx/aarch64le/usr/lib\libdrvr.a(hwi_find_device.o)
                                        0x9bf (size before relaxing)
 .qnx.srctrack  0x0000000000000ab3      0x9bc C:/Users/jukken/qnx803/target/qnx/aarch64le/usr/lib\libdrvr.a(hwi_tag_find.o)
 .qnx.srctrack  0x0000000000000ab3      0x9b8 C:/Users/jukken/qnx803/target/qnx/aarch64le/usr/lib\libdrvr.a(hwi_find.o)

.gnu.build.attributes
 *(.gnu.build.attributes .gnu.build.attributes.*)

.debug
 *(.debug)

.line
 *(.line)

.debug_srcinfo
 *(.debug_srcinfo)

.debug_sfnames
 *(.debug_sfnames)

.debug_aranges  0x0000000000000000       0xc0
 *(.debug_aranges)
 .debug_aranges
                0x0000000000000000       0x30 C:/Users/jukken/qnx803/target/qnx/aarch64le/lib/crt1.o
 .debug_aranges
                0x0000000000000030       0x30 C:/Users/jukken/qnx803/target/qnx/aarch64le/usr/lib\libdrvr.a(hwi_find_device.o)
 .debug_aranges
                0x0000000000000060       0x30 C:/Users/jukken/qnx803/target/qnx/aarch64le/usr/lib\libdrvr.a(hwi_tag_find.o)
 .debug_aranges
                0x0000000000000090       0x30 C:/Users/jukken/qnx803/target/qnx/aarch64le/usr/lib\libdrvr.a(hwi_find.o)

.debug_pubnames
 *(.debug_pubnames)

.debug_info     0x0000000000000000     0x1afd
 *(.debug_info .gnu.linkonce.wi.*)
 .debug_info    0x0000000000000000       0x45 C:/Users/jukken/qnx803/target/qnx/aarch64le/lib/crt1.o
 .debug_info    0x0000000000000045      0x8a2 C:/Users/jukken/qnx803/target/qnx/aarch64le/usr/lib\libdrvr.a(hwi_find_device.o)
 .debug_info    0x00000000000008e7      0x8ea C:/Users/jukken/qnx803/target/qnx/aarch64le/usr/lib\libdrvr.a(hwi_tag_find.o)
 .debug_info    0x00000000000011d1      0x92c C:/Users/jukken/qnx803/target/qnx/aarch64le/usr/lib\libdrvr.a(hwi_find.o)

.debug_abbrev   0x0000000000000000      0x641
 *(.debug_abbrev)
 .debug_abbrev  0x0000000000000000       0x21 C:/Users/jukken/qnx803/target/qnx/aarch64le/lib/crt1.o
 .debug_abbrev  0x0000000000000021      0x1d3 C:/Users/jukken/qnx803/target/qnx/aarch64le/usr/lib\libdrvr.a(hwi_find_device.o)
 .debug_abbrev  0x00000000000001f4      0x1f0 C:/Users/jukken/qnx803/target/qnx/aarch64le/usr/lib\libdrvr.a(hwi_tag_find.o)
 .debug_abbrev  0x00000000000003e4      0x25d C:/Users/jukken/qnx803/target/qnx/aarch64le/usr/lib\libdrvr.a(hwi_find.o)

.debug_line     0x0000000000000000      0x360
 *(.debug_line .debug_line.* .debug_line_end)
 .debug_line    0x0000000000000000       0x9b C:/Users/jukken/qnx803/target/qnx/aarch64le/lib/crt1.o
 .debug_line    0x000000000000009b       0xb3 C:/Users/jukken/qnx803/target/qnx/aarch64le/usr/lib\libdrvr.a(hwi_find_device.o)
 .debug_line    0x000000000000014e       0xf4 C:/Users/jukken/qnx803/target/qnx/aarch64le/usr/lib\libdrvr.a(hwi_tag_find.o)
 .debug_line    0x0000000000000242      0x11e C:/Users/jukken/qnx803/target/qnx/aarch64le/usr/lib\libdrvr.a(hwi_find.o)

.debug_frame
 *(.debug_frame)

.debug_str      0x0000000000000000      0x671
 *(.debug_str)
 .debug_str     0x0000000000000000      0x671 C:/Users/jukken/qnx803/target/qnx/aarch64le/lib/crt1.o
                                         0x9f (size before relaxing)
 .debug_str     0x0000000000000671      0x665 C:/Users/jukken/qnx803/target/qnx/aarch64le/usr/lib\libdrvr.a(hwi_find_device.o)
 .debug_str     0x0000000000000671      0x694 C:/Users/jukken/qnx803/target/qnx/aarch64le/usr/lib\libdrvr.a(hwi_tag_find.o)
 .debug_str     0x0000000000000671      0x68b C:/Users/jukken/qnx803/target/qnx/aarch64le/usr/lib\libdrvr.a(hwi_find.o)

.debug_loc
 *(.debug_loc)

.debug_macinfo
 *(.debug_macinfo)

.debug_weaknames
 *(.debug_weaknames)

.debug_funcnames
 *(.debug_funcnames)

.debug_typenames
 *(.debug_typenames)

.debug_varnames
 *(.debug_varnames)

.debug_pubtypes
 *(.debug_pubtypes)

.debug_ranges
 *(.debug_ranges)

.debug_addr
 *(.debug_addr)

.debug_line_str
                0x0000000000000000      0x266
 *(.debug_line_str)
 .debug_line_str
                0x0000000000000000      0x266 C:/Users/jukken/qnx803/target/qnx/aarch64le/usr/lib\libdrvr.a(hwi_find_device.o)
                                        0x246 (size before relaxing)
 .debug_line_str
                0x0000000000000266      0x1f1 C:/Users/jukken/qnx803/target/qnx/aarch64le/usr/lib\libdrvr.a(hwi_tag_find.o)
 .debug_line_str
                0x0000000000000266      0x1e5 C:/Users/jukken/qnx803/target/qnx/aarch64le/usr/lib\libdrvr.a(hwi_find.o)

.debug_loclists
                0x0000000000000000      0x25a
 *(.debug_loclists)
 .debug_loclists
                0x0000000000000000       0x4e C:/Users/jukken/qnx803/target/qnx/aarch64le/usr/lib\libdrvr.a(hwi_find_device.o)
 .debug_loclists
                0x000000000000004e       0xfb C:/Users/jukken/qnx803/target/qnx/aarch64le/usr/lib\libdrvr.a(hwi_tag_find.o)
 .debug_loclists
                0x0000000000000149      0x111 C:/Users/jukken/qnx803/target/qnx/aarch64le/usr/lib\libdrvr.a(hwi_find.o)

.debug_macro
 *(.debug_macro)

.debug_names
 *(.debug_names)

.debug_rnglists
                0x0000000000000000       0x56
 *(.debug_rnglists)
 .debug_rnglists
                0x0000000000000000       0x28 C:/Users/jukken/qnx803/target/qnx/aarch64le/usr/lib\libdrvr.a(hwi_tag_find.o)
 .debug_rnglists
                0x0000000000000028       0x2e C:/Users/jukken/qnx803/target/qnx/aarch64le/usr/lib\libdrvr.a(hwi_find.o)

.debug_str_offsets
 *(.debug_str_offsets)

.debug_sup
 *(.debug_sup)

.ARM.attributes
 *(.ARM.attributes)
 *(.gnu.attributes)

.note.gnu.arm.ident
 *(.note.gnu.arm.ident)

/DISCARD/
 *(.note.GNU-stack)
 *(.gnu_debuglink)
 *(.gnu.lto_*)
OUTPUT(C:\Users\jukken\AppData\Local\Temp\2qccHXvFSC\tmp_qcc_20672 elf64-littleaarch64)
LOAD linker stubs
