Archive member included to satisfy reference by file (symbol)

C:/Users/jukken/rpi4_hyp_803/src/hardware/startup/boards/../../../../install/aarch64le/usr/lib\libstartup.a(_main.o)
                              main.o (shdr)
C:/Users/jukken/rpi4_hyp_803/src/hardware/startup/boards/../../../../install/aarch64le/usr/lib\libstartup.a(add_interrupt.o)
                              init_intrinfo.o (add_interrupt_array)
C:/Users/jukken/rpi4_hyp_803/src/hardware/startup/boards/../../../../install/aarch64le/usr/lib\libstartup.a(as_add_containing.o)
                              bcm2711_init_raminfo.o (as_add_containing)
C:/Users/jukken/rpi4_hyp_803/src/hardware/startup/boards/../../../../install/aarch64le/usr/lib\libstartup.a(as_find_containing.o)
                              C:/Users/jukken/rpi4_hyp_803/src/hardware/startup/boards/../../../../install/aarch64le/usr/lib\libstartup.a(as_add_containing.o) (as_find_containing)
C:/Users/jukken/rpi4_hyp_803/src/hardware/startup/boards/../../../../install/aarch64le/usr/lib\libstartup.a(as_off2info.o)
                              C:/Users/jukken/rpi4_hyp_803/src/hardware/startup/boards/../../../../install/aarch64le/usr/lib\libstartup.a(as_add_containing.o) (as_off2info)
C:/Users/jukken/rpi4_hyp_803/src/hardware/startup/boards/../../../../install/aarch64le/usr/lib\libstartup.a(board_init.o)
                              C:/Users/jukken/rpi4_hyp_803/src/hardware/startup/boards/../../../../install/aarch64le/usr/lib\libstartup.a(_main.o) (board_init)
C:/Users/jukken/rpi4_hyp_803/src/hardware/startup/boards/../../../../install/aarch64le/usr/lib\libstartup.a(bootstrap_cmdline.o)
                              main.o (bootstrap_arg_adjust)
C:/Users/jukken/rpi4_hyp_803/src/hardware/startup/boards/../../../../install/aarch64le/usr/lib\libstartup.a(callout_debug_pl011.o)
                              main.o (display_char_pl011)
C:/Users/jukken/rpi4_hyp_803/src/hardware/startup/boards/../../../../install/aarch64le/usr/lib\libstartup.a(callout_sendipi_gic_v2.o)
                              board_smp.o (sendipi_gic_v2)
C:/Users/jukken/rpi4_hyp_803/src/hardware/startup/boards/../../../../install/aarch64le/usr/lib\libstartup.a(callouts.o)
                              C:/Users/jukken/rpi4_hyp_803/src/hardware/startup/boards/../../../../install/aarch64le/usr/lib\libstartup.a(add_interrupt.o) (callout_output_one)
C:/Users/jukken/rpi4_hyp_803/src/hardware/startup/boards/../../../../install/aarch64le/usr/lib\libstartup.a(common_options.o)
                              main.o (handle_common_option)
C:/Users/jukken/rpi4_hyp_803/src/hardware/startup/boards/../../../../install/aarch64le/usr/lib\libstartup.a(cpu_cluster_add.o)
                              C:/Users/jukken/rpi4_hyp_803/src/hardware/startup/boards/../../../../install/aarch64le/usr/lib\libstartup.a(common_options.o) (cpu_cluster_add)
C:/Users/jukken/rpi4_hyp_803/src/hardware/startup/boards/../../../../install/aarch64le/usr/lib\libstartup.a(cpu_common_options.o)
                              C:/Users/jukken/rpi4_hyp_803/src/hardware/startup/boards/../../../../install/aarch64le/usr/lib\libstartup.a(common_options.o) (cpu_handle_common_option)
C:/Users/jukken/rpi4_hyp_803/src/hardware/startup/boards/../../../../install/aarch64le/usr/lib\libstartup.a(cpu_startup.o)
                              C:/Users/jukken/rpi4_hyp_803/src/hardware/startup/boards/../../../../install/aarch64le/usr/lib\libstartup.a(_main.o) (cpu_startup)
C:/Users/jukken/rpi4_hyp_803/src/hardware/startup/boards/../../../../install/aarch64le/usr/lib\libstartup.a(cstart.o)
                              C:/Users/jukken/rpi4_hyp_803/src/hardware/startup/boards/../../../../install/aarch64le/usr/lib\libstartup.a(_main.o) (stack_addr_lo)
C:/Users/jukken/rpi4_hyp_803/src/hardware/startup/boards/../../../../install/aarch64le/usr/lib\libstartup.a(debug.o)
                              main.o (print_syspage)
C:/Users/jukken/rpi4_hyp_803/src/hardware/startup/boards/../../../../install/aarch64le/usr/lib\libstartup.a(fdt_init_bootopt.o)
                              C:/Users/jukken/rpi4_hyp_803/src/hardware/startup/boards/../../../../install/aarch64le/usr/lib\libstartup.a(cpu_common_options.o) (fdt_init_bootopt)
C:/Users/jukken/rpi4_hyp_803/src/hardware/startup/boards/../../../../install/aarch64le/usr/lib\libstartup.a(fdt_vars.o)
                              C:/Users/jukken/rpi4_hyp_803/src/hardware/startup/boards/../../../../install/aarch64le/usr/lib\libstartup.a(cpu_common_options.o) (fdt_boot_option)
C:/Users/jukken/rpi4_hyp_803/src/hardware/startup/boards/../../../../install/aarch64le/usr/lib\libstartup.a(getopt.o)
                              main.o (getopt)
C:/Users/jukken/rpi4_hyp_803/src/hardware/startup/boards/../../../../install/aarch64le/usr/lib\libstartup.a(getsize.o)
                              C:/Users/jukken/rpi4_hyp_803/src/hardware/startup/boards/../../../../install/aarch64le/usr/lib\libstartup.a(common_options.o) (getsize)
[...]
Memory Configuration

Name             Origin             Length             Attributes
*default*        0x0000000000000000 0xffffffffffffffff

Linker script and memory map

LOAD _start.o
LOAD bcm2711_init_board.o
LOAD bcm2711_init_raminfo.o
LOAD board_smp.o
LOAD callout_debug_miniuart.o
LOAD callout_interrupt_bcm2711_msi.o
LOAD callout_reboot_bcm2711.o
LOAD hw_ser_miniuart.o
LOAD init_asinfo.o
LOAD init_board_type.o
LOAD init_hwinfo.o
LOAD init_intrinfo.o
LOAD init_wdt.o
LOAD main.o
LOAD mbox.o
LOAD rpi4_board_config.o
LOAD C:/Users/jukken/rpi4_hyp_803/src/hardware/startup/boards/../../../../install/aarch64le/usr/lib\libstartup.a
LOAD C:/Users/jukken/qnx803/target/qnx/aarch64le/usr/lib\liblzo2.a
LOAD C:/Users/jukken/qnx803/target/qnx/aarch64le/usr/lib\libucl.a
LOAD C:/Users/jukken/qnx803/target/qnx/aarch64le/usr/lib\libdrvr.a
LOAD C:/Users/jukken/qnx803/target/qnx/aarch64le/usr/lib\libfdt.a
LOAD C:/Users/jukken/qnx803/target/qnx/aarch64le/lib\libc.a
LOAD C:/Users/jukken/qnx803/target/qnx/aarch64le/lib\libcS.a
LOAD C:/Users/jukken/qnx803/host/win64/x86_64/usr/lib/gcc/aarch64-unknown-nto-qnx8.0.0/12.2.0\libgcc.a

.interp
 *(.interp)

.note.gnu.build-id
 *(.note.gnu.build-id)

.hash
 *(.hash)

.gnu.hash
 *(.gnu.hash)

.dynsym
 *(.dynsym)

.dynstr
 *(.dynstr)

.gnu.version
 *(.gnu.version)

.gnu.version_d
 *(.gnu.version_d)

.gnu.version_r
 *(.gnu.version_r)

.rela.init
 *(.rela.init)

.rela.text
 *(.rela.text)

.rela.fini
 *(.rela.fini)

.rela.rodata
 *(.rela.rodata)

.rela.data.rel.ro
 *(.rela.data.rel.ro)

.rela.data
 *(.rela.data)

.rela.tdata
 *(.rela.tdata)

.rela.tbss
 *(.rela.tbss)

.rela.ctors
 *(.rela.ctors)

.rela.dtors
 *(.rela.dtors)

.rela.got
 *(.rela.got)

.rela.bss
 *(.rela.bss)

.rela.ifunc
 *(.rela.ifunc)

.rela.plt
 *(.rela.plt)

.init
 *(SORT_NONE(.init))

.plt
 *(.plt)
 *(.iplt)

.text           0x0000000000000000    0x104f4
 *(.text .stub)
 .text          0x0000000000000000        0x4 _start.o
                0x0000000000000000                _start
 *fill*         0x0000000000000004        0xc 00000000
 .text          0x0000000000000010      0x198 bcm2711_init_board.o
                0x0000000000000010                init_board
 *fill*         0x00000000000001a8        0x8 00000000
 .text          0x00000000000001b0      0x1cc bcm2711_init_raminfo.o
                0x00000000000001b0                bcm2711_init_raminfo
 *fill*         0x000000000000037c        0x4 00000000
 .text          0x0000000000000380       0x74 board_smp.o
                0x0000000000000380                board_smp_num_cpu
                0x0000000000000390                board_smp_init
                0x00000000000003d4                board_smp_start
                0x00000000000003f0                board_smp_adjust_num
 *fill*         0x00000000000003f4        0x4 00000000
 .text          0x00000000000003f8       0xdc callout_debug_miniuart.o
                0x0000000000000438                display_char_miniuart
                0x0000000000000478                poll_key_miniuart
                0x00000000000004b8                break_detect_miniuart
 *fill*         0x00000000000004d4        0xc 00000000
 .text          0x00000000000004e0      0x1a4 callout_interrupt_bcm2711_msi.o
                0x0000000000000558                interrupt_id_bcm2711_msi
                0x00000000000005b8                interrupt_eoi_bcm2711_msi
                0x00000000000005f8                interrupt_mask_bcm2711_msi
                0x0000000000000640                interrupt_unmask_bcm2711_msi
 *fill*         0x0000000000000684        0x4 00000000
 .text          0x0000000000000688       0x98 callout_reboot_bcm2711.o
                0x00000000000006d8                reboot_bcm2711
 .text          0x0000000000000720      0x170 hw_ser_miniuart.o
                0x0000000000000800                init_miniuart
                0x0000000000000870                put_miniuart
 .text          0x0000000000000890        0x4 init_asinfo.o
                0x0000000000000890                init_asinfo
 *fill*         0x0000000000000894        0xc 00000000
 .text          0x00000000000008a0      0x250 init_board_type.o
                0x00000000000008a0                get_soc_name
                0x0000000000000930                get_memory_size
                0x00000000000009b0                get_mfr_name
                0x0000000000000a44                get_board_name
                0x0000000000000ac0                get_board_serial
 .text          0x0000000000000af0      0x2a0 init_hwinfo.o
                0x0000000000000af0                init_hwinfo
 .text          0x0000000000000d90       0xd4 init_intrinfo.o
                0x0000000000000d90                init_intrinfo
 *fill*         0x0000000000000e64        0xc 00000000
 .text          0x0000000000000e70       0x6c init_wdt.o
                0x0000000000000e70                bcm2711_wdt_enable
 *fill*         0x0000000000000edc        0x4 00000000
 .text          0x0000000000000ee0      0x17c main.o
                0x0000000000000f34                cpu_tweak_cmdline
 *fill*         0x000000000000105c        0x4 00000000
 .text          0x0000000000001060      0x498 mbox.o
                0x00000000000010b0                mbox_get_board_revision
                0x00000000000010f0                mbox_get_board_mac_address
                0x0000000000001164                mbox_get_board_serial
                0x00000000000011b0                mbox_get_arm_memory
                0x00000000000011f0                mbox_get_vc_memory
                0x0000000000001230                mbox_get_cmdline
                0x00000000000012a0                mbox_get_power_state
                0x00000000000012e4                mbox_set_power_state
                0x0000000000001330                mbox_get_clock_rate
                0x0000000000001374                mbox_set_clock_rate
                0x00000000000013c0                mbox_get_voltage
                0x0000000000001414                mbox_get_temperature
                0x0000000000001460                mbox_get_expgpio
                0x00000000000014b0                mbox_set_expgpio
 *fill*         0x00000000000014f8        0x8 00000000
 .text          0x0000000000001500       0x24 rpi4_board_config.o
                0x0000000000001500                bcm2711_get_board_config
 *fill*         0x0000000000001524        0xc 00000000
 .text          0x0000000000001530      0x218 C:/Users/jukken/rpi4_hyp_803/src/hardware/startup/boards/../../../../install/aarch64le/usr/lib\libstartup.a(_main.o)
                0x0000000000001534                _main
                0x0000000000001730                __get_errno_ptr
                0x0000000000001734                __stackavail
 *fill*         0x0000000000001748        0x8 00000000
 .text          0x0000000000001750      0x21c C:/Users/jukken/rpi4_hyp_803/src/hardware/startup/boards/../../../../install/aarch64le/usr/lib\libstartup.a(add_interrupt.o)
                0x0000000000001800                add_interrupt
                0x0000000000001900                add_interrupt_array
 *fill*         0x000000000000196c        0x4 00000000
 .text          0x0000000000001970      0x2dc C:/Users/jukken/rpi4_hyp_803/src/hardware/startup/boards/../../../../install/aarch64le/usr/lib\libstartup.a(as_add_containing.o)
                0x0000000000001970                as_add_containing
 *fill*         0x0000000000001c4c        0x4 00000000
 .text          0x0000000000001c50      0x114 C:/Users/jukken/rpi4_hyp_803/src/hardware/startup/boards/../../../../install/aarch64le/usr/lib\libstartup.a(as_find_containing.o)
                0x0000000000001c50                as_find_containing
 *fill*         0x0000000000001d64        0xc 00000000
 .text          0x0000000000001d70       0x10 C:/Users/jukken/rpi4_hyp_803/src/hardware/startup/boards/../../../../install/aarch64le/usr/lib\libstartup.a(as_off2info.o)
                0x0000000000001d70                as_off2info
 .text          0x0000000000001d80        0x4 C:/Users/jukken/rpi4_hyp_803/src/hardware/startup/boards/../../../../install/aarch64le/usr/lib\libstartup.a(board_init.o)
                0x0000000000001d80                board_init
 *fill*         0x0000000000001d84        0xc 00000000
 .text          0x0000000000001d90      0x19c C:/Users/jukken/rpi4_hyp_803/src/hardware/startup/boards/../../../../install/aarch64le/usr/lib\libstartup.a(bootstrap_cmdline.o)
                0x0000000000001f10                bootstrap_arg_adjust
                0x0000000000001f20                bootstrap_env_adjust
 *fill*         0x0000000000001f2c        0x4 00000000
 .text          0x0000000000001f30       0xec C:/Users/jukken/rpi4_hyp_803/src/hardware/startup/boards/../../../../install/aarch64le/usr/lib\libstartup.a(callout_debug_pl011.o)
                0x0000000000001f70                display_char_pl011
                0x0000000000001fb0                poll_key_pl011
                0x0000000000001ff0                break_detect_pl011
 *fill*         0x000000000000201c        0x4 00000000
 .text          0x0000000000002020       0x80 C:/Users/jukken/rpi4_hyp_803/src/hardware/startup/boards/../../../../install/aarch64le/usr/lib\libstartup.a(callout_sendipi_gic_v2.o)
                0x0000000000002048                sendipi_gic_v2
 .text          0x00000000000020a0      0x520 C:/Users/jukken/rpi4_hyp_803/src/hardware/startup/boards/../../../../install/aarch64le/usr/lib\libstartup.a(callouts.o)
                0x0000000000002110                output_callouts
                0x0000000000002180                callout_output_one
                0x00000000000023c0                callout_register_data
                0x0000000000002450                callout_reloc_data
                0x0000000000002490                add_callout
                0x0000000000002510                add_callout_array
 .text          0x00000000000025c0      0x798 C:/Users/jukken/rpi4_hyp_803/src/hardware/startup/boards/../../../../install/aarch64le/usr/lib\libstartup.a(common_options.o)
                0x00000000000026c0                handle_common_option
                0x0000000000002b40                set_debug
                0x0000000000002d10                select_debug
 *fill*         0x0000000000002d58        0x8 00000000
 .text          0x0000000000002d60       0xbc C:/Users/jukken/rpi4_hyp_803/src/hardware/startup/boards/../../../../install/aarch64le/usr/lib\libstartup.a(cpu_cluster_add.o)
                0x0000000000002d60                cpu_cluster_add
 *fill*         0x0000000000002e1c        0x4 00000000
 .text          0x0000000000002e20      0x304 C:/Users/jukken/rpi4_hyp_803/src/hardware/startup/boards/../../../../install/aarch64le/usr/lib\libstartup.a(cpu_common_options.o)
                0x0000000000002e20                cpu_handle_common_option
 *fill*         0x0000000000003124        0xc 00000000
 .text          0x0000000000003130       0x88 C:/Users/jukken/rpi4_hyp_803/src/hardware/startup/boards/../../../../install/aarch64le/usr/lib\libstartup.a(cpu_startup.o)
                0x0000000000003130                aarch64_cpuid_find
                0x0000000000003170                cpu_startup
 .text          0x00000000000031b8       0x40 C:/Users/jukken/rpi4_hyp_803/src/hardware/startup/boards/../../../../install/aarch64le/usr/lib\libstartup.a(cstart.o)
                0x00000000000031b8                cstart
 *fill*         0x00000000000031f8        0x8 00000000
 .text          0x0000000000003200       0x7c C:/Users/jukken/rpi4_hyp_803/src/hardware/startup/boards/../../../../install/aarch64le/usr/lib\libstartup.a(debug.o)
                0x0000000000003200                print_syspage
 *fill*         0x000000000000327c        0x4 00000000
 .text          0x0000000000003280      0x1a4 C:/Users/jukken/rpi4_hyp_803/src/hardware/startup/boards/../../../../install/aarch64le/usr/lib\libstartup.a(fdt_init_bootopt.o)
                0x0000000000003280                fdt_init_bootopt
 .text          0x0000000000003424        0x0 C:/Users/jukken/rpi4_hyp_803/src/hardware/startup/boards/../../../../install/aarch64le/usr/lib\libstartup.a(fdt_vars.o)
 *fill*         0x0000000000003424        0xc 00000000
 .text          0x0000000000003430      0x11c C:/Users/jukken/rpi4_hyp_803/src/hardware/startup/boards/../../../../install/aarch64le/usr/lib\libstartup.a(getopt.o)
                0x0000000000003430                getopt
 *fill*         0x000000000000354c        0x4 00000000
 .text          0x0000000000003550       0x7c C:/Users/jukken/rpi4_hyp_803/src/hardware/startup/boards/../../../../install/aarch64le/usr/lib\libstartup.a(getsize.o)
                0x0000000000003550                getsize
 .text          0x00000000000035cc        0x0 C:/Users/jukken/rpi4_hyp_803/src/hardware/startup/boards/../../../../install/aarch64le/usr/lib\libstartup.a(gic.o)
 *fill*         0x00000000000035cc        0x4 00000000
 .text          0x00000000000035d0      0x484 C:/Users/jukken/rpi4_hyp_803/src/hardware/startup/boards/../../../../install/aarch64le/usr/lib\libstartup.a(gic_v2.o)
                0x0000000000003720                gic_v2_init
                0x0000000000003954                gic_v2_num_spis
                0x0000000000003970                gic_v2_set_intr_trig_mode
 *fill*         0x0000000000003a54        0xc 00000000
 .text          0x0000000000003a60      0x254 C:/Users/jukken/rpi4_hyp_803/src/hardware/startup/boards/../../../../install/aarch64le/usr/lib\libstartup.a(hw_serpl011.o)
                0x0000000000003ba4                init_pl011
                0x0000000000003c90                put_pl011
 *fill*         0x0000000000003cb4        0xc 00000000
 .text          0x0000000000003cc0       0x54 C:/Users/jukken/rpi4_hyp_803/src/hardware/startup/boards/../../../../install/aarch64le/usr/lib\libstartup.a(hwi_add_nanospin.o)
                0x0000000000003cc0                hwi_add_nanospin
 *fill*         0x0000000000003d14        0xc 00000000
 .text          0x0000000000003d20      0x218 C:/Users/jukken/rpi4_hyp_803/src/hardware/startup/boards/../../../../install/aarch64le/usr/lib\libstartup.a(hwi_alloc.o)
                0x0000000000003d20                __hwi_find_string
                0x0000000000003d30                __hwi_base
                0x0000000000003d40                hwi_alloc_tag
                0x0000000000003e20                hwi_alloc_item
                0x0000000000003ee0                hwi_grow_tag
 *fill*         0x0000000000003f38        0x8 00000000
 .text          0x0000000000003f40       0x28 C:/Users/jukken/rpi4_hyp_803/src/hardware/startup/boards/../../../../install/aarch64le/usr/lib\libstartup.a(hwi_find_as.o)
                0x0000000000003f40                hwi_find_as
 *fill*         0x0000000000003f68        0x8 00000000
 .text          0x0000000000003f70       0x84 C:/Users/jukken/rpi4_hyp_803/src/hardware/startup/boards/../../../../install/aarch64le/usr/lib\libstartup.a(hwidev_add.o)
                0x0000000000003f70                hwidev_add
 *fill*         0x0000000000003ff4        0xc 00000000
 .text          0x0000000000004000       0x50 C:/Users/jukken/rpi4_hyp_803/src/hardware/startup/boards/../../../../install/aarch64le/usr/lib\libstartup.a(hwidev_add_dma.o)
                0x0000000000004000                hwidev_add_dma
 .text          0x0000000000004050       0xf8 C:/Users/jukken/rpi4_hyp_803/src/hardware/startup/boards/../../../../install/aarch64le/usr/lib\libstartup.a(hwidev_add_enet.o)
                0x0000000000004050                hwidev_add_enet
 *fill*         0x0000000000004148        0x8 00000000
 .text          0x0000000000004150       0x80 C:/Users/jukken/rpi4_hyp_803/src/hardware/startup/boards/../../../../install/aarch64le/usr/lib\libstartup.a(hwidev_add_timer.o)
                0x0000000000004150                hwidev_add_timer
 .text          0x00000000000041d0      0x144 C:/Users/jukken/rpi4_hyp_803/src/hardware/startup/boards/../../../../install/aarch64le/usr/lib\libstartup.a(hwitag_add_common.o)
                0x00000000000041d0                hwitag_add_common
                0x00000000000042e4                hwitag_add_optstr
 *fill*         0x0000000000004314        0xc 00000000
 .text          0x0000000000004320       0x34 C:/Users/jukken/rpi4_hyp_803/src/hardware/startup/boards/../../../../install/aarch64le/usr/lib\libstartup.a(hwitag_add_inputclk.o)
                0x0000000000004320                hwitag_add_inputclk
 *fill*         0x0000000000004354        0xc 00000000
 .text          0x0000000000004360       0x28 C:/Users/jukken/rpi4_hyp_803/src/hardware/startup/boards/../../../../install/aarch64le/usr/lib\libstartup.a(hwitag_add_irq.o)
                0x0000000000004360                hwitag_add_irq
 *fill*         0x0000000000004388        0x8 00000000
 .text          0x0000000000004390       0x50 C:/Users/jukken/rpi4_hyp_803/src/hardware/startup/boards/../../../../install/aarch64le/usr/lib\libstartup.a(hwitag_add_location.o)
                0x0000000000004390                hwitag_add_location
 .text          0x00000000000043e0       0x48 C:/Users/jukken/rpi4_hyp_803/src/hardware/startup/boards/../../../../install/aarch64le/usr/lib\libstartup.a(hwitag_add_nicaddr.o)
                0x00000000000043e0                hwitag_add_nicaddr
 *fill*         0x0000000000004428        0x8 00000000
 .text          0x0000000000004430       0x28 C:/Users/jukken/rpi4_hyp_803/src/hardware/startup/boards/../../../../install/aarch64le/usr/lib\libstartup.a(hwitag_add_nicphyaddr.o)
                0x0000000000004430                hwitag_add_nicphyaddr
 *fill*         0x0000000000004458        0x8 00000000
 .text          0x0000000000004460       0x40 C:/Users/jukken/rpi4_hyp_803/src/hardware/startup/boards/../../../../install/aarch64le/usr/lib\libstartup.a(hwitag_add_regname.o)
                0x0000000000004460                hwitag_add_regname
 .text          0x00000000000044a0       0x4c C:/Users/jukken/rpi4_hyp_803/src/hardware/startup/boards/../../../../install/aarch64le/usr/lib\libstartup.a(hwitag_set_inputclk.o)
                0x00000000000044a0                hwitag_set_inputclk
 *fill*         0x00000000000044ec        0x4 00000000
 .text          0x00000000000044f0       0xa4 C:/Users/jukken/rpi4_hyp_803/src/hardware/startup/boards/../../../../install/aarch64le/usr/lib\libstartup.a(hwitag_set_ivec.o)
                0x00000000000044f0                hwitag_set_ivec
 *fill*         0x0000000000004594        0xc 00000000
 .text          0x00000000000045a0       0x9c C:/Users/jukken/rpi4_hyp_803/src/hardware/startup/boards/../../../../install/aarch64le/usr/lib\libstartup.a(hypervisor_setup.o)
                0x00000000000045a0                hypervisor_set_options
                0x00000000000045b0                hypervisor_init
                0x0000000000004600                hypervisor_get_required_flags
                0x0000000000004610                hypervisor_syspage_init
 *fill*         0x000000000000463c        0x4 00000000
 .text          0x0000000000004640        0x4 C:/Users/jukken/rpi4_hyp_803/src/hardware/startup/boards/../../../../install/aarch64le/usr/lib\libstartup.a(init_cacheattr.o)
                0x0000000000004640                init_cacheattr
 *fill*         0x0000000000004644        0xc 00000000
 .text          0x0000000000004650      0x858 C:/Users/jukken/rpi4_hyp_803/src/hardware/startup/boards/../../../../install/aarch64le/usr/lib\libstartup.a(init_cpuinfo.o)
                0x0000000000004650                init_one_cpuinfo
                0x0000000000004e24                init_cpuinfo
 *fill*         0x0000000000004ea8        0x8 00000000
 .text          0x0000000000004eb0       0xe8 C:/Users/jukken/rpi4_hyp_803/src/hardware/startup/boards/../../../../install/aarch64le/usr/lib\libstartup.a(init_mmu.o)
                0x0000000000004eb0                init_mmu
 *fill*         0x0000000000004f98        0x8 00000000
 .text          0x0000000000004fa0        0xc C:/Users/jukken/rpi4_hyp_803/src/hardware/startup/boards/../../../../install/aarch64le/usr/lib\libstartup.a(init_qtime.o)
                0x0000000000004fa0                init_qtime
 *fill*         0x0000000000004fac        0x4 00000000
 .text          0x0000000000004fb0       0xb8 C:/Users/jukken/rpi4_hyp_803/src/hardware/startup/boards/../../../../install/aarch64le/usr/lib\libstartup.a(init_qtime_v8gt.o)
                0x0000000000004fd0                init_qtime_v8gt
 *fill*         0x0000000000005068        0x8 00000000
 .text          0x0000000000005070      0x248 C:/Users/jukken/rpi4_hyp_803/src/hardware/startup/boards/../../../../install/aarch64le/usr/lib\libstartup.a(init_smp.o)
                0x0000000000005210                init_smp
 *fill*         0x00000000000052b8        0x8 00000000
 .text          0x00000000000052c0      0x6ec C:/Users/jukken/rpi4_hyp_803/src/hardware/startup/boards/../../../../install/aarch64le/usr/lib\libstartup.a(init_system_private.o)
                0x00000000000052c0                init_system_private
 *fill*         0x00000000000059ac        0x4 00000000
 .text          0x00000000000059b0       0x98 C:/Users/jukken/rpi4_hyp_803/src/hardware/startup/boards/../../../../install/aarch64le/usr/lib\libstartup.a(invert_timer_freq.o)
                0x00000000000059b0                invert_timer_freq
 *fill*         0x0000000000005a48        0x8 00000000
 .text          0x0000000000005a50       0x9c C:/Users/jukken/rpi4_hyp_803/src/hardware/startup/boards/../../../../install/aarch64le/usr/lib\libstartup.a(jtag.o)
                0x0000000000005a50                jtag_reserve_memory
                0x0000000000005aa0                jtag_reserve_syspage_addr
                0x0000000000005ab4                jtag_store_syspage_addr
 *fill*         0x0000000000005aec        0x4 00000000
 .text          0x0000000000005af0      0x70c C:/Users/jukken/rpi4_hyp_803/src/hardware/startup/boards/../../../../install/aarch64le/usr/lib\libstartup.a(kprintf.o)
                0x0000000000005f80                kprintf
                0x0000000000006000                ksprintf
                0x00000000000060b0                ksnprintf
                0x0000000000006180                crash
                0x00000000000061e0                set_print_char
                0x00000000000061f0                get_print_char
 *fill*         0x00000000000061fc        0x4 00000000
 .text          0x0000000000006200      0x174 C:/Users/jukken/rpi4_hyp_803/src/hardware/startup/boards/../../../../install/aarch64le/usr/lib\libstartup.a(load_ifs.o)
                0x0000000000006200                load_ifs
 *fill*         0x0000000000006374        0xc 00000000
 .text          0x0000000000006380       0x14 C:/Users/jukken/rpi4_hyp_803/src/hardware/startup/boards/../../../../install/aarch64le/usr/lib\libstartup.a(map_callout_io.o)
                0x0000000000006380                callout_io_map
 *fill*         0x0000000000006394        0xc 00000000
 .text          0x00000000000063a0       0x14 C:/Users/jukken/rpi4_hyp_803/src/hardware/startup/boards/../../../../install/aarch64le/usr/lib\libstartup.a(map_startup_mem.o)
                0x00000000000063a0                startup_memory_map
                0x00000000000063b0                startup_memory_unmap
 *fill*         0x00000000000063b4        0xc 00000000
 .text          0x00000000000063c0      0x190 C:/Users/jukken/rpi4_hyp_803/src/hardware/startup/boards/../../../../install/aarch64le/usr/lib\libstartup.a(memcpy.o)
                0x00000000000063c0                memcpy
 .text          0x0000000000006550       0x98 C:/Users/jukken/rpi4_hyp_803/src/hardware/startup/boards/../../../../install/aarch64le/usr/lib\libstartup.a(memfuncs.o)
                0x0000000000006550                copy_memory
 *fill*         0x00000000000065e8        0x8 00000000
 .text          0x00000000000065f0       0x50 C:/Users/jukken/rpi4_hyp_803/src/hardware/startup/boards/../../../../install/aarch64le/usr/lib\libstartup.a(memmove.o)
                0x00000000000065f0                memmove
 .text          0x0000000000006640      0xcfc C:/Users/jukken/rpi4_hyp_803/src/hardware/startup/boards/../../../../install/aarch64le/usr/lib\libstartup.a(print_sysp.o)
                0x0000000000007130                print_syspage_enable
                0x00000000000071d4                print_syspage_sections
 *fill*         0x000000000000733c        0x4 00000000
 .text          0x0000000000007340      0xb90 C:/Users/jukken/rpi4_hyp_803/src/hardware/startup/boards/../../../../install/aarch64le/usr/lib\libstartup.a(ram.o)
                0x0000000000007480                find_top_ram_aligned_limit
                0x00000000000075c0                find_top_ram_aligned
                0x00000000000075d0                find_top_ram
                0x00000000000075f0                find_ram_in_range
                0x0000000000007720                find_ram
                0x0000000000007740                alloc_ram
                0x00000000000079a0                calloc_ram
                0x0000000000007a00                add_sysram
                0x0000000000007a94                ws_alloc
                0x0000000000007bc0                avoid_ram
                0x0000000000007c54                add_ram
                0x0000000000007da0                watch_add_ram
                0x0000000000007de0                reserve_ram
 .text          0x0000000000007ed0      0xcc8 C:/Users/jukken/rpi4_hyp_803/src/hardware/startup/boards/../../../../install/aarch64le/usr/lib\libstartup.a(restore_ifs.o)
                0x0000000000007fb0                rifs_restore_ifs2
                0x0000000000008170                rifs_load_ifs2
                0x00000000000082d4                load_ifs2_nonbootable
                0x0000000000008344                rifs_restore_ifs
                0x00000000000088c4                rifs_save_elf32data
                0x0000000000008b34                rifs_set_cksum
 .text          0x0000000000008b98       0x70 C:/Users/jukken/rpi4_hyp_803/src/hardware/startup/boards/../../../../install/aarch64le/usr/lib\libstartup.a(smp_start.o)
                0x0000000000008b98                smp_start
 *fill*         0x0000000000008c08        0x8 00000000
 .text          0x0000000000008c10       0x1c C:/Users/jukken/rpi4_hyp_803/src/hardware/startup/boards/../../../../install/aarch64le/usr/lib\libstartup.a(ssp.o)
                0x0000000000008c10                __ssp_fail
 *fill*         0x0000000000008c2c        0x4 00000000
 .text          0x0000000000008c30       0x84 C:/Users/jukken/rpi4_hyp_803/src/hardware/startup/boards/../../../../install/aarch64le/usr/lib\libstartup.a(startnext.o)
                0x0000000000008c30                startnext
 *fill*         0x0000000000008cb4        0xc 00000000
 .text          0x0000000000008cc0      0x394 C:/Users/jukken/rpi4_hyp_803/src/hardware/startup/boards/../../../../install/aarch64le/usr/lib\libstartup.a(strings.o)
                0x0000000000008cc0                find_typed_string
                0x0000000000008d44                del_typed_string
                0x0000000000008e90                add_typed_string
                0x0000000000008f70                add_string
 *fill*         0x0000000000009054        0xc 00000000
 .text          0x0000000000009060       0xf4 C:/Users/jukken/rpi4_hyp_803/src/hardware/startup/boards/../../../../install/aarch64le/usr/lib\libstartup.a(strtoul.o)
                0x0000000000009060                strtopaddr
                0x0000000000009150                strtoul
 *fill*         0x0000000000009154        0xc 00000000
 .text          0x0000000000009160      0x580 C:/Users/jukken/rpi4_hyp_803/src/hardware/startup/boards/../../../../install/aarch64le/usr/lib\libstartup.a(syspage_memory.o)
                0x0000000000009160                grow_syspage_section
                0x0000000000009260                set_syspage_section
                0x0000000000009290                init_syspage_memory
                0x0000000000009380                reloc_syspage_memory
                0x00000000000093f4                alloc_syspage_memory
                0x00000000000096a0                write_syspage_memory
 .text          0x00000000000096e0        0x4 C:/Users/jukken/rpi4_hyp_803/src/hardware/startup/boards/../../../../install/aarch64le/usr/lib\libstartup.a(tweak_cmdline.o)
                0x00000000000096e0                tweak_cmdline
 *fill*         0x00000000000096e4        0xc 00000000
 .text          0x00000000000096f0       0x88 C:/Users/jukken/rpi4_hyp_803/src/hardware/startup/boards/../../../../install/aarch64le/usr/lib\libstartup.a(uncompress.o)
                0x00000000000096f0                uncompress
 *fill*         0x0000000000009778        0x8 00000000
 .text          0x0000000000009780       0xb4 C:/Users/jukken/rpi4_hyp_803/src/hardware/startup/boards/../../../../install/aarch64le/usr/lib\libstartup.a(uncompress_ucl.o)
                0x0000000000009780                uncompress_ucl
 *fill*         0x0000000000009834      0x7cc 00000000
 .text          0x000000000000a000      0x784 C:/Users/jukken/rpi4_hyp_803/src/hardware/startup/boards/../../../../install/aarch64le/usr/lib\libstartup.a(vbar_default.o)
                0x000000000000a000                vbar_default
 .text          0x000000000000a784      0x164 C:/Users/jukken/rpi4_hyp_803/src/hardware/startup/boards/../../../../install/aarch64le/usr/lib\libstartup.a(_start_el1.o)
                0x000000000000a784                _start_el2_or_el1
                0x000000000000a880                drop_to_el1
                0x000000000000a898                _start_el1
 .text          0x000000000000a8e8       0x90 C:/Users/jukken/rpi4_hyp_803/src/hardware/startup/boards/../../../../install/aarch64le/usr/lib\libstartup.a(aarch64_cache_flush.o)
                0x000000000000a8e8                aarch64_cache_flush
 .text          0x000000000000a978        0x0 C:/Users/jukken/rpi4_hyp_803/src/hardware/startup/boards/../../../../install/aarch64le/usr/lib\libstartup.a(aarch64_cpuid.o)
 *fill*         0x000000000000a978        0x8 00000000
 .text          0x000000000000a980        0x8 C:/Users/jukken/rpi4_hyp_803/src/hardware/startup/boards/../../../../install/aarch64le/usr/lib\libstartup.a(aarch64_cpuspeed.o)
                0x000000000000a980                aarch64_cpuspeed
 *fill*         0x000000000000a988        0x8 00000000
 .text          0x000000000000a990      0x6d4 C:/Users/jukken/rpi4_hyp_803/src/hardware/startup/boards/../../../../install/aarch64le/usr/lib\libstartup.a(aarch64_map.o)
                0x000000000000add0                aarch64_map_init
                0x000000000000aef0                aarch64_map
                0x000000000000af10                elf_vaddr_to_paddr
 *fill*         0x000000000000b064        0xc 00000000
 .text          0x000000000000b070      0x19c C:/Users/jukken/rpi4_hyp_803/src/hardware/startup/boards/../../../../install/aarch64le/usr/lib\libstartup.a(add_cache.o)
                0x000000000000b0e0                add_cache_ways
                0x000000000000b200                add_cache
 *fill*         0x000000000000b20c        0x4 00000000
 .text          0x000000000000b210       0x88 C:/Users/jukken/rpi4_hyp_803/src/hardware/startup/boards/../../../../install/aarch64le/usr/lib\libstartup.a(alloc_qtime.o)
                0x000000000000b210                alloc_qtime
 *fill*         0x000000000000b298        0x8 00000000
 .text          0x000000000000b2a0       0x14 C:/Users/jukken/rpi4_hyp_803/src/hardware/startup/boards/../../../../install/aarch64le/usr/lib\libstartup.a(ap_fail.o)
                0x000000000000b2a0                ap_fail
 *fill*         0x000000000000b2b4        0xc 00000000
 .text          0x000000000000b2c0        0x4 C:/Users/jukken/rpi4_hyp_803/src/hardware/startup/boards/../../../../install/aarch64le/usr/lib\libstartup.a(as_add.o)
                0x000000000000b2c0                as_add
 *fill*         0x000000000000b2c4        0xc 00000000
 .text          0x000000000000b2d0       0xd4 C:/Users/jukken/rpi4_hyp_803/src/hardware/startup/boards/../../../../install/aarch64le/usr/lib\libstartup.a(as_add64.o)
                0x000000000000b2d0                as_add64
 *fill*         0x000000000000b3a4        0xc 00000000
 .text          0x000000000000b3b0       0x38 C:/Users/jukken/rpi4_hyp_803/src/hardware/startup/boards/../../../../install/aarch64le/usr/lib\libstartup.a(as_default.o)
                0x000000000000b3b0                as_default
 *fill*         0x000000000000b3e8        0x8 00000000
 .text          0x000000000000b3f0      0x1c4 C:/Users/jukken/rpi4_hyp_803/src/hardware/startup/boards/../../../../install/aarch64le/usr/lib\libstartup.a(as_find.o)
                0x000000000000b3f0                as_find
 *fill*         0x000000000000b5b4        0xc 00000000
 .text          0x000000000000b5c0       0x48 C:/Users/jukken/rpi4_hyp_803/src/hardware/startup/boards/../../../../install/aarch64le/usr/lib\libstartup.a(board_sysctl.o)
                0x000000000000b5c0                board_mmu_enable
                0x000000000000b5c4                board_mmu_disable
                0x000000000000b5d0                board_alignment_check_enable
                0x000000000000b5d4                board_alignment_check_disable
                0x000000000000b5e0                board_dcache_enable
                0x000000000000b5e4                board_dcache_disable
                0x000000000000b5f0                board_icache_enable
                0x000000000000b5f4                board_icache_disable
                0x000000000000b600                board_enable_caches
                0x000000000000b604                board_disable_caches
 .text          0x000000000000b608        0x0 C:/Users/jukken/rpi4_hyp_803/src/hardware/startup/boards/../../../../install/aarch64le/usr/lib\libstartup.a(boot_regs.o)
 .text          0x000000000000b608       0xd4 C:/Users/jukken/rpi4_hyp_803/src/hardware/startup/boards/../../../../install/aarch64le/usr/lib\libstartup.a(callout_cache_armv8.o)
                0x000000000000b608                cache_armv8_icache
                0x000000000000b670                cache_armv8_dcache
 *fill*         0x000000000000b6dc        0x4 00000000
 .text          0x000000000000b6e0      0x234 C:/Users/jukken/rpi4_hyp_803/src/hardware/startup/boards/../../../../install/aarch64le/usr/lib\libstartup.a(callout_interrupt_gic_v2.o)
                0x000000000000b730                interrupt_id_gic_v2_ppi
                0x000000000000b778                interrupt_id_gic_v2_spi
                0x000000000000b7a0                interrupt_eoi_gic_v2
                0x000000000000b7d0                interrupt_mask_gic_v2_ppi
                0x000000000000b818                interrupt_unmask_gic_v2_ppi
                0x000000000000b860                interrupt_mask_gic_v2_spi
                0x000000000000b8a8                interrupt_unmask_gic_v2_spi
                0x000000000000b8f0                interrupt_config_gic_v2_ppi
 *fill*         0x000000000000b914        0x4 00000000
 .text          0x000000000000b918       0x68 C:/Users/jukken/rpi4_hyp_803/src/hardware/startup/boards/../../../../install/aarch64le/usr/lib\libstartup.a(callout_smp_spin.o)
                0x000000000000b918                smp_spin
 .text          0x000000000000b980       0x74 C:/Users/jukken/rpi4_hyp_803/src/hardware/startup/boards/../../../../install/aarch64le/usr/lib\libstartup.a(cpu_startnext.o)
                0x000000000000b980                cpu_startnext
 *fill*         0x000000000000b9f4        0xc 00000000
 .text          0x000000000000ba00      0x154 C:/Users/jukken/rpi4_hyp_803/src/hardware/startup/boards/../../../../install/aarch64le/usr/lib\libstartup.a(cpu_syspage_memory.o)
                0x000000000000ba00                cpu_init_syspage_memory
                0x000000000000ba10                cpu_alloc_syspage_memory
                0x000000000000bb44                cpu_write_syspage_memory
                0x000000000000bb50                cpu_syspage_remap
 .text          0x000000000000bb54        0x0 C:/Users/jukken/rpi4_hyp_803/src/hardware/startup/boards/../../../../install/aarch64le/usr/lib\libstartup.a(cpuid_a35.o)
 .text          0x000000000000bb54        0x0 C:/Users/jukken/rpi4_hyp_803/src/hardware/startup/boards/../../../../install/aarch64le/usr/lib\libstartup.a(cpuid_a53.o)
 .text          0x000000000000bb54        0x0 C:/Users/jukken/rpi4_hyp_803/src/hardware/startup/boards/../../../../install/aarch64le/usr/lib\libstartup.a(cpuid_a55.o)
 .text          0x000000000000bb54        0x0 C:/Users/jukken/rpi4_hyp_803/src/hardware/startup/boards/../../../../install/aarch64le/usr/lib\libstartup.a(cpuid_a57.o)
 .text          0x000000000000bb54        0x0 C:/Users/jukken/rpi4_hyp_803/src/hardware/startup/boards/../../../../install/aarch64le/usr/lib\libstartup.a(cpuid_a72.o)
 .text          0x000000000000bb54        0x0 C:/Users/jukken/rpi4_hyp_803/src/hardware/startup/boards/../../../../install/aarch64le/usr/lib\libstartup.a(cpuid_a720.o)
 *fill*         0x000000000000bb54        0xc 00000000
 .text          0x000000000000bb60        0x4 C:/Users/jukken/rpi4_hyp_803/src/hardware/startup/boards/../../../../install/aarch64le/usr/lib\libstartup.a(cpuid_a75.o)
 *fill*         0x000000000000bb64        0xc 00000000
 .text          0x000000000000bb70        0x4 C:/Users/jukken/rpi4_hyp_803/src/hardware/startup/boards/../../../../install/aarch64le/usr/lib\libstartup.a(cpuid_a76.o)
 .text          0x000000000000bb74        0x0 C:/Users/jukken/rpi4_hyp_803/src/hardware/startup/boards/../../../../install/aarch64le/usr/lib\libstartup.a(cpuid_a78ae.o)
 .text          0x000000000000bb74        0x0 C:/Users/jukken/rpi4_hyp_803/src/hardware/startup/boards/../../../../install/aarch64le/usr/lib\libstartup.a(cpuid_d15.o)
 *fill*         0x000000000000bb74        0xc 00000000
 .text          0x000000000000bb80       0x10 C:/Users/jukken/rpi4_hyp_803/src/hardware/startup/boards/../../../../install/aarch64le/usr/lib\libstartup.a(cpuid_d20.o)
 .text          0x000000000000bb90        0x0 C:/Users/jukken/rpi4_hyp_803/src/hardware/startup/boards/../../../../install/aarch64le/usr/lib\libstartup.a(cpuid_n1.o)
 .text          0x000000000000bb90        0x0 C:/Users/jukken/rpi4_hyp_803/src/hardware/startup/boards/../../../../install/aarch64le/usr/lib\libstartup.a(cpuid_neo_v1.o)
 .text          0x000000000000bb90        0x0 C:/Users/jukken/rpi4_hyp_803/src/hardware/startup/boards/../../../../install/aarch64le/usr/lib\libstartup.a(cpuid_neo_v2.o)
 .text          0x000000000000bb90        0x0 C:/Users/jukken/rpi4_hyp_803/src/hardware/startup/boards/../../../../install/aarch64le/usr/lib\libstartup.a(cpuid_v8_aem.o)
 .text          0x000000000000bb90        0x0 C:/Users/jukken/rpi4_hyp_803/src/hardware/startup/boards/../../../../install/aarch64le/usr/lib\libstartup.a(cpuid_v8_fm.o)
 .text          0x000000000000bb90        0x0 C:/Users/jukken/rpi4_hyp_803/src/hardware/startup/boards/../../../../install/aarch64le/usr/lib\libstartup.a(cpuid_x2.o)
 .text          0x000000000000bb90        0x0 C:/Users/jukken/rpi4_hyp_803/src/hardware/startup/boards/../../../../install/aarch64le/usr/lib\libstartup.a(cpuid_x4.o)
 .text          0x000000000000bb90        0x0 C:/Users/jukken/rpi4_hyp_803/src/hardware/startup/boards/../../../../install/aarch64le/usr/lib\libstartup.a(cpuid_x925.o)
 .text          0x000000000000bb90        0x8 C:/Users/jukken/rpi4_hyp_803/src/hardware/startup/boards/../../../../install/aarch64le/usr/lib\libstartup.a(crash_done.o)
                0x000000000000bb90                crash_done
 *fill*         0x000000000000bb98        0x8 00000000
 .text          0x000000000000bba0        0x4 C:/Users/jukken/rpi4_hyp_803/src/hardware/startup/boards/../../../../install/aarch64le/usr/lib\libstartup.a(dummy_print_char.o)
                0x000000000000bba0                dummy_print_char
 *fill*         0x000000000000bba4        0xc 00000000
 .text          0x000000000000bbb0      0x1d0 C:/Users/jukken/rpi4_hyp_803/src/hardware/startup/boards/../../../../install/aarch64le/usr/lib\libstartup.a(elf.o)
                0x000000000000bbb0                is_elf64
                0x000000000000bc60                is_elf32
                0x000000000000bd04                is_elf
                0x000000000000bd40                load_elf
 .text          0x000000000000bd80      0x36c C:/Users/jukken/rpi4_hyp_803/src/hardware/startup/boards/../../../../install/aarch64le/usr/lib\libstartup.a(elf32.o)
                0x000000000000bd80                load_elf32
 *fill*         0x000000000000c0ec        0x4 00000000
 .text          0x000000000000c0f0      0x358 C:/Users/jukken/rpi4_hyp_803/src/hardware/startup/boards/../../../../install/aarch64le/usr/lib\libstartup.a(elf64.o)
                0x000000000000c0f0                load_elf64
 *fill*         0x000000000000c448        0x8 00000000
 .text          0x000000000000c450       0x24 C:/Users/jukken/rpi4_hyp_803/src/hardware/startup/boards/../../../../install/aarch64le/usr/lib\libstartup.a(elf_map.o)
                0x000000000000c450                elf_map
 *fill*         0x000000000000c474        0xc 00000000
 .text          0x000000000000c480       0xec C:/Users/jukken/rpi4_hyp_803/src/hardware/startup/boards/../../../../install/aarch64le/usr/lib\libstartup.a(hwi_add_device.o)
                0x000000000000c480                hwi_add_device
 *fill*         0x000000000000c56c        0x4 00000000
 .text          0x000000000000c570       0x4c C:/Users/jukken/rpi4_hyp_803/src/hardware/startup/boards/../../../../install/aarch64le/usr/lib\libstartup.a(hwi_default.o)
                0x000000000000c570                hwi_default
 *fill*         0x000000000000c5bc        0x4 00000000
 .text          0x000000000000c5c0      0x1d0 C:/Users/jukken/rpi4_hyp_803/src/hardware/startup/boards/../../../../install/aarch64le/usr/lib\libstartup.a(hypervisor.o)
                0x000000000000c5c0                arch_hypervisor_validate_flags
                0x000000000000c650                arch_hypervisor_init
                0x000000000000c780                arch_hypervisor_syspage_init
 .text          0x000000000000c790       0x30 C:/Users/jukken/rpi4_hyp_803/src/hardware/startup/boards/../../../../install/aarch64le/usr/lib\libstartup.a(hypervisor_enable.o)
                0x000000000000c790                hyp_enable_el2_host
                0x000000000000c7ac                hyp_enable_el1_host
 .text          0x000000000000c7c0       0xa0 C:/Users/jukken/rpi4_hyp_803/src/hardware/startup/boards/../../../../install/aarch64le/usr/lib\libstartup.a(init_mitigation_mem.o)
                0x000000000000c7c0                init_mitigation_mem
 .text          0x000000000000c860        0x8 C:/Users/jukken/rpi4_hyp_803/src/hardware/startup/boards/../../../../install/aarch64le/usr/lib\libstartup.a(rtc_time.o)
                0x000000000000c860                rtc_time
 *fill*         0x000000000000c868        0x8 00000000
 .text          0x000000000000c870       0x40 C:/Users/jukken/rpi4_hyp_803/src/hardware/startup/boards/../../../../install/aarch64le/usr/lib\libstartup.a(startup_info.o)
                0x000000000000c870                find_startup_info
 .text          0x000000000000c8b0       0x5c C:/Users/jukken/rpi4_hyp_803/src/hardware/startup/boards/../../../../install/aarch64le/usr/lib\libstartup.a(vstart.o)
                0x000000000000c8b0                vstart
 *fill*         0x000000000000c90c        0x4 00000000
 .text          0x000000000000c910      0x798 C:/Users/jukken/qnx803/target/qnx/aarch64le/usr/lib\libucl.a(n2b_d.o)
                0x000000000000c910                ucl_nrv2b_decompress_8
                0x000000000000cb20                ucl_nrv2b_decompress_le16
                0x000000000000cd90                ucl_nrv2b_decompress_le32
 *fill*         0x000000000000d0a8        0x8 00000000
 .text          0x000000000000d0b0       0xf4 C:/Users/jukken/qnx803/target/qnx/aarch64le/usr/lib\libdrvr.a(hwi_find_unit.o)
                0x000000000000d0b0                hwi_find_unit
 *fill*         0x000000000000d1a4        0xc 00000000
 .text          0x000000000000d1b0       0xfc C:/Users/jukken/qnx803/target/qnx/aarch64le/usr/lib\libdrvr.a(hwi_tag_find.o)
                0x000000000000d1b0                hwi_tag_find
 *fill*         0x000000000000d2ac        0x4 00000000
 .text          0x000000000000d2b0       0x64 C:/Users/jukken/qnx803/target/qnx/aarch64le/usr/lib\libdrvr.a(hwi_find_bus.o)
                0x000000000000d2b0                hwi_find_bus
 *fill*         0x000000000000d314        0xc 00000000
 .text          0x000000000000d320       0x64 C:/Users/jukken/qnx803/target/qnx/aarch64le/usr/lib\libdrvr.a(hwi_find_device.o)
                0x000000000000d320                hwi_find_device
 *fill*         0x000000000000d384        0xc 00000000
 .text          0x000000000000d390       0xfc C:/Users/jukken/qnx803/target/qnx/aarch64le/usr/lib\libdrvr.a(hwi_find.o)
                0x000000000000d390                hwi_find
 *fill*         0x000000000000d48c        0x4 00000000
 .text          0x000000000000d490      0x78c C:/Users/jukken/qnx803/target/qnx/aarch64le/usr/lib\libfdt.a(fdt.o)
                0x000000000000d490                fdt_ro_probe_
                0x000000000000d520                fdt_header_size_
                0x000000000000d550                fdt_header_size
                0x000000000000d590                fdt_check_header
                0x000000000000d6c4                fdt_offset_ptr
                0x000000000000d740                fdt_next_tag
                0x000000000000d894                fdt_check_node_offset_
                0x000000000000d8d4                fdt_check_prop_offset_
                0x000000000000d914                fdt_next_node
                0x000000000000da40                fdt_first_subnode
                0x000000000000dab0                fdt_next_subnode
                0x000000000000db40                fdt_find_string_
                0x000000000000dbc4                fdt_move
 *fill*         0x000000000000dc1c        0x4 00000000
 .text          0x000000000000dc20     0x1a1c C:/Users/jukken/qnx803/target/qnx/aarch64le/usr/lib\libfdt.a(fdt_ro.o)
                0x000000000000dcc4                fdt_get_string
                0x000000000000dfb4                fdt_string
                0x000000000000dfc0                fdt_get_mem_rsv
                0x000000000000e030                fdt_num_mem_rsv
                0x000000000000e070                fdt_get_name
                0x000000000000e130                fdt_subnode_offset_namelen
                0x000000000000e280                fdt_subnode_offset
                0x000000000000e2c4                fdt_first_property_offset
                0x000000000000e380                fdt_next_property_offset
                0x000000000000e440                fdt_get_property_by_offset
                0x000000000000e470                fdt_get_property_namelen
                0x000000000000e4a0                fdt_get_property
                0x000000000000e520                fdt_getprop_namelen
                0x000000000000e5c0                fdt_path_offset_namelen
                0x000000000000e720                fdt_path_offset
                0x000000000000e754                fdt_getprop_by_offset
                0x000000000000e840                fdt_getprop
                0x000000000000e890                fdt_get_phandle
                0x000000000000e960                fdt_find_max_phandle
                0x000000000000e9e0                fdt_generate_phandle
                0x000000000000ea70                fdt_get_alias_namelen
                0x000000000000eae0                fdt_get_alias
                0x000000000000eb54                fdt_get_path
                0x000000000000ed10                fdt_supernode_atdepth_offset
                0x000000000000ee20                fdt_node_depth
                0x000000000000ee84                fdt_parent_offset
                0x000000000000ef34                fdt_node_offset_by_prop_value
                0x000000000000f040                fdt_node_offset_by_phandle
                0x000000000000f0d0                fdt_stringlist_contains
                0x000000000000f190                fdt_stringlist_count
                0x000000000000f270                fdt_stringlist_search
                0x000000000000f3a0                fdt_stringlist_get
                0x000000000000f4c0                fdt_node_check_compatible
                0x000000000000f544                fdt_node_offset_by_compatible
 *fill*         0x000000000000f63c        0x4 00000000
 .text          0x000000000000f640      0x1a8 C:/Users/jukken/qnx803/target/qnx/aarch64le/lib\libc.a(hwi_find_item.o)
                0x000000000000f640                hwi_find_item
 *fill*         0x000000000000f7e8        0x8 00000000
 .text          0x000000000000f7f0       0x80 C:/Users/jukken/qnx803/target/qnx/aarch64le/lib\libc.a(hwi_next_tag.o)
                0x000000000000f7f0                hwi_next_tag
 .text          0x000000000000f870       0x24 C:/Users/jukken/qnx803/target/qnx/aarch64le/lib\libc.a(hwi_off2tag.o)
                0x000000000000f870                hwi_off2tag
 *fill*         0x000000000000f894        0xc 00000000
 .text          0x000000000000f8a0       0x24 C:/Users/jukken/qnx803/target/qnx/aarch64le/lib\libc.a(hwi_tag2off.o)
                0x000000000000f8a0                hwi_tag2off
 *fill*         0x000000000000f8c4        0xc 00000000
 .text          0x000000000000f8d0       0x34 C:/Users/jukken/qnx803/target/qnx/aarch64le/lib\libc.a(memchr.o)
                0x000000000000f8d0                memchr
                0x000000000000f8d0                __memchr_isr
 *fill*         0x000000000000f904       0x3c 00000000
 .text          0x000000000000f940      0x180 C:/Users/jukken/qnx803/target/qnx/aarch64le/lib\libc.a(memcmp.o)
                0x000000000000f940                memcmp
                0x000000000000f940                __memcmp_isr
 .text          0x000000000000fac0       0xa0 C:/Users/jukken/qnx803/target/qnx/aarch64le/lib\libc.a(memset.o)
                0x000000000000fac0                memset
                0x000000000000fac0                __memset_isr
 .text          0x000000000000fb60       0x2c C:/Users/jukken/qnx803/target/qnx/aarch64le/lib\libc.a(strchr.o)
                0x000000000000fb60                strchr
                0x000000000000fb60                __strchr_isr
 *fill*         0x000000000000fb8c       0x34 00000000
 .text          0x000000000000fbc0       0xa4 C:/Users/jukken/qnx803/target/qnx/aarch64le/lib\libc.a(strcmp.o)
                0x000000000000fbc0                strcmp
                0x000000000000fbc0                __strcmp_isr
 *fill*         0x000000000000fc64        0xc 00000000
 .text          0x000000000000fc70       0x54 C:/Users/jukken/qnx803/target/qnx/aarch64le/lib\libc.a(strlcpy.o)
                0x000000000000fc70                strlcpy
 *fill*         0x000000000000fcc4       0x3c 00000000
 .text          0x000000000000fd00      0x1a0 C:/Users/jukken/qnx803/target/qnx/aarch64le/lib\libc.a(strlen.o)
                0x000000000000fd00                strlen
                0x000000000000fd00                __strlen_isr
 .text          0x000000000000fea0       0x30 C:/Users/jukken/qnx803/target/qnx/aarch64le/lib\libc.a(strnlen.o)
                0x000000000000fea0                strnlen
 .text          0x000000000000fed0       0x28 C:/Users/jukken/qnx803/target/qnx/aarch64le/lib\libc.a(strrchr.o)
                0x000000000000fed0                strrchr
 *fill*         0x000000000000fef8        0x8 00000000
 .text          0x000000000000ff00        0x8 C:/Users/jukken/qnx803/target/qnx/aarch64le/lib\libc.a(strtol.o)
                0x000000000000ff00                strtol
 *fill*         0x000000000000ff08        0x8 00000000
 .text          0x000000000000ff10       0x44 C:/Users/jukken/qnx803/target/qnx/aarch64le/lib\libc.a(__progname.o)
                0x000000000000ff10                getprogname
                0x000000000000ff20                setprogname
 *fill*         0x000000000000ff54        0xc 00000000
 .text          0x000000000000ff60       0xa4 C:/Users/jukken/qnx803/target/qnx/aarch64le/lib\libc.a(_ssp.o)
                0x000000000000ff60                __fortify_fail_extra_arg
                0x000000000000ff74                __fortify_fail_fmt_n
                0x000000000000ff90                __fortify_fail_missing_arg
                0x000000000000ffa4                __fortify_fail_overflow_dst
                0x000000000000ffc0                __chk_fail
                0x000000000000ffd4                __longjmp_chk_fail
                0x000000000000fff0                __stack_chk_fail
 .text          0x0000000000010004        0x0 C:/Users/jukken/qnx803/target/qnx/aarch64le/lib\libc.a(__stack_chk_guard.o)
 *fill*         0x0000000000010004        0xc 00000000
 .text          0x0000000000010010      0x104 C:/Users/jukken/qnx803/target/qnx/aarch64le/lib\libc.a(getsubopt.o)
                0x0000000000010010                getsubopt
 *fill*         0x0000000000010114        0xc 00000000
 .text          0x0000000000010120      0x360 C:/Users/jukken/qnx803/target/qnx/aarch64le/lib\libc.a(xstoint.o)
                0x0000000000010120                _Stoint
 .text          0x0000000000010480       0x40 C:/Users/jukken/qnx803/target/qnx/aarch64le/lib\libc.a(strncmp.o)
                0x0000000000010480                strncmp
 .text          0x00000000000104c0       0x34 C:/Users/jukken/qnx803/target/qnx/aarch64le/lib\libc.a(xctype.o)
                0x00000000000104c0                _Getpctype
 *(.gnu.warning)

.text.startup   0x0000000000000000      0x438
 .text.startup  0x0000000000000000      0x438 main.o
                0x0000000000000000                main

.text.unlikely  0x0000000000000000       0x10
 .text.unlikely
                0x0000000000000000       0x10 C:/Users/jukken/rpi4_hyp_803/src/hardware/startup/boards/../../../../install/aarch64le/usr/lib\libstartup.a(_main.o)
                0x0000000000000000                abort

.fini
 *(SORT_NONE(.fini))

.rodata         0x0000000000000000      0x490
 *(.rodata)
 .rodata        0x0000000000000000       0x48 init_hwinfo.o
 .rodata        0x0000000000000048        0x8 init_intrinfo.o
 .rodata        0x0000000000000050        0x5 C:/Users/jukken/rpi4_hyp_803/src/hardware/startup/boards/../../../../install/aarch64le/usr/lib\libstartup.a(add_interrupt.o)
 *fill*         0x0000000000000055        0x3 
 .rodata        0x0000000000000058       0x12 C:/Users/jukken/rpi4_hyp_803/src/hardware/startup/boards/../../../../install/aarch64le/usr/lib\libstartup.a(as_add_containing.o)
 *fill*         0x000000000000006a        0x2 
 .rodata        0x000000000000006c       0x6c C:/Users/jukken/rpi4_hyp_803/src/hardware/startup/boards/../../../../install/aarch64le/usr/lib\libstartup.a(common_options.o)
 .rodata        0x00000000000000d8       0x1a C:/Users/jukken/rpi4_hyp_803/src/hardware/startup/boards/../../../../install/aarch64le/usr/lib\libstartup.a(gic_v2.o)
 *fill*         0x00000000000000f2        0x6 
 .rodata        0x00000000000000f8       0x20 C:/Users/jukken/rpi4_hyp_803/src/hardware/startup/boards/../../../../install/aarch64le/usr/lib\libstartup.a(init_cpuinfo.o)
 .rodata        0x0000000000000118       0x1c C:/Users/jukken/rpi4_hyp_803/src/hardware/startup/boards/../../../../install/aarch64le/usr/lib\libstartup.a(init_mmu.o)
 *fill*         0x0000000000000134        0x4 
 .rodata        0x0000000000000138       0x11 C:/Users/jukken/rpi4_hyp_803/src/hardware/startup/boards/../../../../install/aarch64le/usr/lib\libstartup.a(kprintf.o)
 *fill*         0x0000000000000149        0x3 
 .rodata        0x000000000000014c        0xf C:/Users/jukken/rpi4_hyp_803/src/hardware/startup/boards/../../../../install/aarch64le/usr/lib\libstartup.a(memcpy.o)
 *fill*         0x000000000000015b        0x5 
 .rodata        0x0000000000000160       0x20 C:/Users/jukken/rpi4_hyp_803/src/hardware/startup/boards/../../../../install/aarch64le/usr/lib\libstartup.a(as_default.o)
 .rodata        0x0000000000000180        0x8 C:/Users/jukken/rpi4_hyp_803/src/hardware/startup/boards/../../../../install/aarch64le/usr/lib\libstartup.a(as_find.o)
 *fill*         0x0000000000000188        0x8 
 .rodata        0x0000000000000190      0x300 C:/Users/jukken/qnx803/target/qnx/aarch64le/lib\libc.a(xctype.o)

.rodata.str1.8  0x0000000000000000     0x2250
 .rodata.str1.8
                0x0000000000000000       0x82 bcm2711_init_raminfo.o
 *fill*         0x0000000000000082        0x6 
 .rodata.str1.8
                0x0000000000000088      0x187 init_board_type.o
 *fill*         0x000000000000020f        0x1 
 .rodata.str1.8
                0x0000000000000210      0x136 init_hwinfo.o
 *fill*         0x0000000000000346        0x2 
 .rodata.str1.8
                0x0000000000000348       0xee main.o
 *fill*         0x0000000000000436        0x2 
 .rodata.str1.8
                0x0000000000000438       0x26 C:/Users/jukken/rpi4_hyp_803/src/hardware/startup/boards/../../../../install/aarch64le/usr/lib\libstartup.a(_main.o)
 *fill*         0x000000000000045e        0x2 
 .rodata.str1.8
                0x0000000000000460       0x16 C:/Users/jukken/rpi4_hyp_803/src/hardware/startup/boards/../../../../install/aarch64le/usr/lib\libstartup.a(as_add_containing.o)
 *fill*         0x0000000000000476        0x2 
 .rodata.str1.8
                0x0000000000000478       0x2e C:/Users/jukken/rpi4_hyp_803/src/hardware/startup/boards/../../../../install/aarch64le/usr/lib\libstartup.a(callouts.o)
 *fill*         0x00000000000004a6        0x2 
 .rodata.str1.8
                0x00000000000004a8       0x29 C:/Users/jukken/rpi4_hyp_803/src/hardware/startup/boards/../../../../install/aarch64le/usr/lib\libstartup.a(common_options.o)
 *fill*         0x00000000000004d1        0x7 
 .rodata.str1.8
                0x00000000000004d8       0xce C:/Users/jukken/rpi4_hyp_803/src/hardware/startup/boards/../../../../install/aarch64le/usr/lib\libstartup.a(cpu_common_options.o)
 *fill*         0x00000000000005a6        0x2 
 .rodata.str1.8
                0x00000000000005a8        0x3 C:/Users/jukken/rpi4_hyp_803/src/hardware/startup/boards/../../../../install/aarch64le/usr/lib\libstartup.a(debug.o)
 *fill*         0x00000000000005ab        0x5 
 .rodata.str1.8
                0x00000000000005b0       0xe1 C:/Users/jukken/rpi4_hyp_803/src/hardware/startup/boards/../../../../install/aarch64le/usr/lib\libstartup.a(fdt_init_bootopt.o)
 *fill*         0x0000000000000691        0x7 
 .rodata.str1.8
                0x0000000000000698      0x121 C:/Users/jukken/rpi4_hyp_803/src/hardware/startup/boards/../../../../install/aarch64le/usr/lib\libstartup.a(gic_v2.o)
 *fill*         0x00000000000007b9        0x7 
 .rodata.str1.8
                0x00000000000007c0       0x31 C:/Users/jukken/rpi4_hyp_803/src/hardware/startup/boards/../../../../install/aarch64le/usr/lib\libstartup.a(hwi_add_nanospin.o)
 *fill*         0x00000000000007f1        0x7 
 .rodata.str1.8
                0x00000000000007f8        0x4 C:/Users/jukken/rpi4_hyp_803/src/hardware/startup/boards/../../../../install/aarch64le/usr/lib\libstartup.a(hwi_alloc.o)
 *fill*         0x00000000000007fc        0x4 
 .rodata.str1.8
                0x0000000000000800        0xb C:/Users/jukken/rpi4_hyp_803/src/hardware/startup/boards/../../../../install/aarch64le/usr/lib\libstartup.a(hwi_find_as.o)
 *fill*         0x000000000000080b        0x5 
 .rodata.str1.8
                0x0000000000000810       0x17 C:/Users/jukken/rpi4_hyp_803/src/hardware/startup/boards/../../../../install/aarch64le/usr/lib\libstartup.a(hwidev_add.o)
 *fill*         0x0000000000000827        0x1 
 .rodata.str1.8
                0x0000000000000828       0x24 C:/Users/jukken/rpi4_hyp_803/src/hardware/startup/boards/../../../../install/aarch64le/usr/lib\libstartup.a(hwitag_add_common.o)
 *fill*         0x000000000000084c        0x4 
 .rodata.str1.8
                0x0000000000000850        0x9 C:/Users/jukken/rpi4_hyp_803/src/hardware/startup/boards/../../../../install/aarch64le/usr/lib\libstartup.a(hwitag_add_inputclk.o)
 *fill*         0x0000000000000859        0x7 
 .rodata.str1.8
                0x0000000000000860        0x4 C:/Users/jukken/rpi4_hyp_803/src/hardware/startup/boards/../../../../install/aarch64le/usr/lib\libstartup.a(hwitag_add_irq.o)
 *fill*         0x0000000000000864        0x4 
 .rodata.str1.8
                0x0000000000000868        0x9 C:/Users/jukken/rpi4_hyp_803/src/hardware/startup/boards/../../../../install/aarch64le/usr/lib\libstartup.a(hwitag_add_location.o)
 *fill*         0x0000000000000871        0x7 
 .rodata.str1.8
                0x0000000000000878        0x8 C:/Users/jukken/rpi4_hyp_803/src/hardware/startup/boards/../../../../install/aarch64le/usr/lib\libstartup.a(hwitag_add_nicaddr.o)
 .rodata.str1.8
                0x0000000000000880        0xb C:/Users/jukken/rpi4_hyp_803/src/hardware/startup/boards/../../../../install/aarch64le/usr/lib\libstartup.a(hwitag_add_nicphyaddr.o)
 *fill*         0x000000000000088b        0x5 
 .rodata.str1.8
                0x0000000000000890        0x8 C:/Users/jukken/rpi4_hyp_803/src/hardware/startup/boards/../../../../install/aarch64le/usr/lib\libstartup.a(hwitag_add_regname.o)
 .rodata.str1.8
                0x0000000000000898        0x9 C:/Users/jukken/rpi4_hyp_803/src/hardware/startup/boards/../../../../install/aarch64le/usr/lib\libstartup.a(hwitag_set_inputclk.o)
 *fill*         0x00000000000008a1        0x7 
 .rodata.str1.8
                0x00000000000008a8       0x21 C:/Users/jukken/rpi4_hyp_803/src/hardware/startup/boards/../../../../install/aarch64le/usr/lib\libstartup.a(hwitag_set_ivec.o)
 *fill*         0x00000000000008c9        0x7 
 .rodata.str1.8
                0x00000000000008d0       0x3a C:/Users/jukken/rpi4_hyp_803/src/hardware/startup/boards/../../../../install/aarch64le/usr/lib\libstartup.a(hypervisor_setup.o)
 *fill*         0x000000000000090a        0x6 
 .rodata.str1.8
                0x0000000000000910      0x1c5 C:/Users/jukken/rpi4_hyp_803/src/hardware/startup/boards/../../../../install/aarch64le/usr/lib\libstartup.a(init_cpuinfo.o)
 *fill*         0x0000000000000ad5        0x3 
 .rodata.str1.8
                0x0000000000000ad8       0x27 C:/Users/jukken/rpi4_hyp_803/src/hardware/startup/boards/../../../../install/aarch64le/usr/lib\libstartup.a(init_mmu.o)
 *fill*         0x0000000000000aff        0x1 
 .rodata.str1.8
                0x0000000000000b00      0x146 C:/Users/jukken/rpi4_hyp_803/src/hardware/startup/boards/../../../../install/aarch64le/usr/lib\libstartup.a(init_system_private.o)
 *fill*         0x0000000000000c46        0x2 
 .rodata.str1.8
                0x0000000000000c48       0x19 C:/Users/jukken/rpi4_hyp_803/src/hardware/startup/boards/../../../../install/aarch64le/usr/lib\libstartup.a(invert_timer_freq.o)
 *fill*         0x0000000000000c61        0x7 
 .rodata.str1.8
                0x0000000000000c68       0xde C:/Users/jukken/rpi4_hyp_803/src/hardware/startup/boards/../../../../install/aarch64le/usr/lib\libstartup.a(load_ifs.o)
 *fill*         0x0000000000000d46        0x2 
 .rodata.str1.8
                0x0000000000000d48      0x7e3 C:/Users/jukken/rpi4_hyp_803/src/hardware/startup/boards/../../../../install/aarch64le/usr/lib\libstartup.a(print_sysp.o)
 *fill*         0x000000000000152b        0x5 
 .rodata.str1.8
                0x0000000000001530      0x111 C:/Users/jukken/rpi4_hyp_803/src/hardware/startup/boards/../../../../install/aarch64le/usr/lib\libstartup.a(ram.o)
 *fill*         0x0000000000001641        0x7 
 .rodata.str1.8
                0x0000000000001648      0x4e9 C:/Users/jukken/rpi4_hyp_803/src/hardware/startup/boards/../../../../install/aarch64le/usr/lib\libstartup.a(restore_ifs.o)
 *fill*         0x0000000000001b31        0x7 
 .rodata.str1.8
                0x0000000000001b38       0x1c C:/Users/jukken/rpi4_hyp_803/src/hardware/startup/boards/../../../../install/aarch64le/usr/lib\libstartup.a(ssp.o)
 *fill*         0x0000000000001b54        0x4 
 .rodata.str1.8
                0x0000000000001b58       0x6a C:/Users/jukken/rpi4_hyp_803/src/hardware/startup/boards/../../../../install/aarch64le/usr/lib\libstartup.a(startnext.o)
 *fill*         0x0000000000001bc2        0x6 
 .rodata.str1.8
                0x0000000000001bc8       0x3b C:/Users/jukken/rpi4_hyp_803/src/hardware/startup/boards/../../../../install/aarch64le/usr/lib\libstartup.a(syspage_memory.o)
 *fill*         0x0000000000001c03        0x5 
 .rodata.str1.8
                0x0000000000001c08       0x35 C:/Users/jukken/rpi4_hyp_803/src/hardware/startup/boards/../../../../install/aarch64le/usr/lib\libstartup.a(uncompress.o)
 *fill*         0x0000000000001c3d        0x3 
 .rodata.str1.8
                0x0000000000001c40        0x5 C:/Users/jukken/rpi4_hyp_803/src/hardware/startup/boards/../../../../install/aarch64le/usr/lib\libstartup.a(uncompress_ucl.o)
 *fill*         0x0000000000001c45        0x3 
 .rodata.str1.8
                0x0000000000001c48       0xcc C:/Users/jukken/rpi4_hyp_803/src/hardware/startup/boards/../../../../install/aarch64le/usr/lib\libstartup.a(aarch64_map.o)
 *fill*         0x0000000000001d14        0x4 
 .rodata.str1.8
                0x0000000000001d18       0x16 C:/Users/jukken/rpi4_hyp_803/src/hardware/startup/boards/../../../../install/aarch64le/usr/lib\libstartup.a(ap_fail.o)
 *fill*         0x0000000000001d2e        0x2 
 .rodata.str1.8
                0x0000000000001d30        0x3 C:/Users/jukken/rpi4_hyp_803/src/hardware/startup/boards/../../../../install/aarch64le/usr/lib\libstartup.a(as_add64.o)
 *fill*         0x0000000000001d33        0x5 
 .rodata.str1.8
                0x0000000000001d38        0x7 C:/Users/jukken/rpi4_hyp_803/src/hardware/startup/boards/../../../../install/aarch64le/usr/lib\libstartup.a(as_default.o)
 *fill*         0x0000000000001d3f        0x1 
 .rodata.str1.8
                0x0000000000001d40       0x30 C:/Users/jukken/rpi4_hyp_803/src/hardware/startup/boards/../../../../install/aarch64le/usr/lib\libstartup.a(as_find.o)
 .rodata.str1.8
                0x0000000000001d70       0x33 C:/Users/jukken/rpi4_hyp_803/src/hardware/startup/boards/../../../../install/aarch64le/usr/lib\libstartup.a(cpu_syspage_memory.o)
 *fill*         0x0000000000001da3        0x5 
 .rodata.str1.8
                0x0000000000001da8        0xb C:/Users/jukken/rpi4_hyp_803/src/hardware/startup/boards/../../../../install/aarch64le/usr/lib\libstartup.a(cpuid_a35.o)
 *fill*         0x0000000000001db3        0x5 
 .rodata.str1.8
                0x0000000000001db8        0xb C:/Users/jukken/rpi4_hyp_803/src/hardware/startup/boards/../../../../install/aarch64le/usr/lib\libstartup.a(cpuid_a53.o)
 *fill*         0x0000000000001dc3        0x5 
 .rodata.str1.8
                0x0000000000001dc8        0xb C:/Users/jukken/rpi4_hyp_803/src/hardware/startup/boards/../../../../install/aarch64le/usr/lib\libstartup.a(cpuid_a55.o)
 *fill*         0x0000000000001dd3        0x5 
 .rodata.str1.8
                0x0000000000001dd8        0xb C:/Users/jukken/rpi4_hyp_803/src/hardware/startup/boards/../../../../install/aarch64le/usr/lib\libstartup.a(cpuid_a57.o)
 *fill*         0x0000000000001de3        0x5 
 .rodata.str1.8
                0x0000000000001de8        0xb C:/Users/jukken/rpi4_hyp_803/src/hardware/startup/boards/../../../../install/aarch64le/usr/lib\libstartup.a(cpuid_a72.o)
 *fill*         0x0000000000001df3        0x5 
 .rodata.str1.8
                0x0000000000001df8        0xc C:/Users/jukken/rpi4_hyp_803/src/hardware/startup/boards/../../../../install/aarch64le/usr/lib\libstartup.a(cpuid_a720.o)
 *fill*         0x0000000000001e04        0x4 
 .rodata.str1.8
                0x0000000000001e08        0xb C:/Users/jukken/rpi4_hyp_803/src/hardware/startup/boards/../../../../install/aarch64le/usr/lib\libstartup.a(cpuid_a75.o)
 *fill*         0x0000000000001e13        0x5 
 .rodata.str1.8
                0x0000000000001e18        0xb C:/Users/jukken/rpi4_hyp_803/src/hardware/startup/boards/../../../../install/aarch64le/usr/lib\libstartup.a(cpuid_a76.o)
 *fill*         0x0000000000001e23        0x5 
 .rodata.str1.8
                0x0000000000001e28        0xd C:/Users/jukken/rpi4_hyp_803/src/hardware/startup/boards/../../../../install/aarch64le/usr/lib\libstartup.a(cpuid_a78ae.o)
 *fill*         0x0000000000001e35        0x3 
 .rodata.str1.8
                0x0000000000001e38        0xb C:/Users/jukken/rpi4_hyp_803/src/hardware/startup/boards/../../../../install/aarch64le/usr/lib\libstartup.a(cpuid_d15.o)
 *fill*         0x0000000000001e43        0x5 
 .rodata.str1.8
                0x0000000000001e48        0xb C:/Users/jukken/rpi4_hyp_803/src/hardware/startup/boards/../../../../install/aarch64le/usr/lib\libstartup.a(cpuid_d20.o)
 *fill*         0x0000000000001e53        0x5 
 .rodata.str1.8
                0x0000000000001e58        0x9 C:/Users/jukken/rpi4_hyp_803/src/hardware/startup/boards/../../../../install/aarch64le/usr/lib\libstartup.a(cpuid_n1.o)
 *fill*         0x0000000000001e61        0x7 
 .rodata.str1.8
                0x0000000000001e68        0xa C:/Users/jukken/rpi4_hyp_803/src/hardware/startup/boards/../../../../install/aarch64le/usr/lib\libstartup.a(cpuid_neo_v1.o)
 *fill*         0x0000000000001e72        0x6 
 .rodata.str1.8
                0x0000000000001e78        0x8 C:/Users/jukken/rpi4_hyp_803/src/hardware/startup/boards/../../../../install/aarch64le/usr/lib\libstartup.a(cpuid_neo_v2.o)
 .rodata.str1.8
                0x0000000000001e80        0xa C:/Users/jukken/rpi4_hyp_803/src/hardware/startup/boards/../../../../install/aarch64le/usr/lib\libstartup.a(cpuid_v8_aem.o)
 *fill*         0x0000000000001e8a        0x6 
 .rodata.str1.8
                0x0000000000001e90        0x9 C:/Users/jukken/rpi4_hyp_803/src/hardware/startup/boards/../../../../install/aarch64le/usr/lib\libstartup.a(cpuid_v8_fm.o)
 *fill*         0x0000000000001e99        0x7 
 .rodata.str1.8
                0x0000000000001ea0        0x9 C:/Users/jukken/rpi4_hyp_803/src/hardware/startup/boards/../../../../install/aarch64le/usr/lib\libstartup.a(cpuid_x2.o)
 *fill*         0x0000000000001ea9        0x7 
 .rodata.str1.8
                0x0000000000001eb0        0xa C:/Users/jukken/rpi4_hyp_803/src/hardware/startup/boards/../../../../install/aarch64le/usr/lib\libstartup.a(cpuid_x4.o)
 *fill*         0x0000000000001eba        0x6 
 .rodata.str1.8
                0x0000000000001ec0        0xc C:/Users/jukken/rpi4_hyp_803/src/hardware/startup/boards/../../../../install/aarch64le/usr/lib\libstartup.a(cpuid_x925.o)
 *fill*         0x0000000000001ecc        0x4 
 .rodata.str1.8
                0x0000000000001ed0       0x1f C:/Users/jukken/rpi4_hyp_803/src/hardware/startup/boards/../../../../install/aarch64le/usr/lib\libstartup.a(hwi_add_device.o)
 *fill*         0x0000000000001eef        0x1 
 .rodata.str1.8
                0x0000000000001ef0       0x1c C:/Users/jukken/rpi4_hyp_803/src/hardware/startup/boards/../../../../install/aarch64le/usr/lib\libstartup.a(hwi_default.o)
 *fill*         0x0000000000001f0c        0x4 
 .rodata.str1.8
                0x0000000000001f10      0x18a C:/Users/jukken/rpi4_hyp_803/src/hardware/startup/boards/../../../../install/aarch64le/usr/lib\libstartup.a(hypervisor.o)
 *fill*         0x000000000000209a        0x6 
 .rodata.str1.8
                0x00000000000020a0       0x57 C:/Users/jukken/rpi4_hyp_803/src/hardware/startup/boards/../../../../install/aarch64le/usr/lib\libstartup.a(init_mitigation_mem.o)
 *fill*         0x00000000000020f7        0x1 
 .rodata.str1.8
                0x00000000000020f8        0xf C:/Users/jukken/qnx803/target/qnx/aarch64le/usr/lib\libdrvr.a(hwi_find_unit.o)
 *fill*         0x0000000000002107        0x1 
 .rodata.str1.8
                0x0000000000002108        0x4 C:/Users/jukken/qnx803/target/qnx/aarch64le/usr/lib\libdrvr.a(hwi_find_bus.o)
 *fill*         0x000000000000210c        0x4 
 .rodata.str1.8
                0x0000000000002110        0x7 C:/Users/jukken/qnx803/target/qnx/aarch64le/usr/lib\libdrvr.a(hwi_find_device.o)
 *fill*         0x0000000000002117        0x1 
 .rodata.str1.8
                0x0000000000002118        0x8 C:/Users/jukken/qnx803/target/qnx/aarch64le/usr/lib\libdrvr.a(hwi_find.o)
 .rodata.str1.8
                0x0000000000002120       0x33 C:/Users/jukken/qnx803/target/qnx/aarch64le/usr/lib\libfdt.a(fdt_ro.o)
 *fill*         0x0000000000002153        0x5 
 .rodata.str1.8
                0x0000000000002158       0xf8 C:/Users/jukken/qnx803/target/qnx/aarch64le/lib\libc.a(_ssp.o)

.rodata1
 *(.rodata1)

.eh_frame_hdr
 *(.eh_frame_hdr)

.eh_frame       0x0000000000000000     0x3cb4
 *(.eh_frame)
 .eh_frame      0x0000000000000000       0x38 bcm2711_init_board.o
 .eh_frame      0x0000000000000038       0x50 bcm2711_init_raminfo.o
 .eh_frame      0x0000000000000088       0x68 board_smp.o
 .eh_frame      0x00000000000000f0       0x98 hw_ser_miniuart.o
 .eh_frame      0x0000000000000188       0x28 init_asinfo.o
 .eh_frame      0x00000000000001b0       0xb8 init_board_type.o
 .eh_frame      0x0000000000000268       0x48 init_hwinfo.o
 .eh_frame      0x00000000000002b0       0x38 init_intrinfo.o
 .eh_frame      0x00000000000002e8       0x28 init_wdt.o
 .eh_frame      0x0000000000000310       0x98 main.o
 .eh_frame      0x00000000000003a8      0x1c0 mbox.o
 .eh_frame      0x0000000000000568       0x28 rpi4_board_config.o
 .eh_frame      0x0000000000000590       0x98 C:/Users/jukken/rpi4_hyp_803/src/hardware/startup/boards/../../../../install/aarch64le/usr/lib\libstartup.a(_main.o)
 .eh_frame      0x0000000000000628       0xa8 C:/Users/jukken/rpi4_hyp_803/src/hardware/startup/boards/../../../../install/aarch64le/usr/lib\libstartup.a(add_interrupt.o)
 .eh_frame      0x00000000000006d0       0x60 C:/Users/jukken/rpi4_hyp_803/src/hardware/startup/boards/../../../../install/aarch64le/usr/lib\libstartup.a(as_add_containing.o)
 .eh_frame      0x0000000000000730       0x70 C:/Users/jukken/rpi4_hyp_803/src/hardware/startup/boards/../../../../install/aarch64le/usr/lib\libstartup.a(as_find_containing.o)
 .eh_frame      0x00000000000007a0       0x28 C:/Users/jukken/rpi4_hyp_803/src/hardware/startup/boards/../../../../install/aarch64le/usr/lib\libstartup.a(as_off2info.o)
 .eh_frame      0x00000000000007c8       0x28 C:/Users/jukken/rpi4_hyp_803/src/hardware/startup/boards/../../../../install/aarch64le/usr/lib\libstartup.a(board_init.o)
 .eh_frame      0x00000000000007f0       0xa8 C:/Users/jukken/rpi4_hyp_803/src/hardware/startup/boards/../../../../install/aarch64le/usr/lib\libstartup.a(bootstrap_cmdline.o)
 .eh_frame      0x0000000000000898      0x190 C:/Users/jukken/rpi4_hyp_803/src/hardware/startup/boards/../../../../install/aarch64le/usr/lib\libstartup.a(callouts.o)
 .eh_frame      0x0000000000000a28      0x120 C:/Users/jukken/rpi4_hyp_803/src/hardware/startup/boards/../../../../install/aarch64le/usr/lib\libstartup.a(common_options.o)
 .eh_frame      0x0000000000000b48       0x48 C:/Users/jukken/rpi4_hyp_803/src/hardware/startup/boards/../../../../install/aarch64le/usr/lib\libstartup.a(cpu_cluster_add.o)
 .eh_frame      0x0000000000000b90       0x38 C:/Users/jukken/rpi4_hyp_803/src/hardware/startup/boards/../../../../install/aarch64le/usr/lib\libstartup.a(cpu_common_options.o)
 .eh_frame      0x0000000000000bc8       0x40 C:/Users/jukken/rpi4_hyp_803/src/hardware/startup/boards/../../../../install/aarch64le/usr/lib\libstartup.a(cpu_startup.o)
 .eh_frame      0x0000000000000c08       0x48 C:/Users/jukken/rpi4_hyp_803/src/hardware/startup/boards/../../../../install/aarch64le/usr/lib\libstartup.a(debug.o)
 .eh_frame      0x0000000000000c50       0x70 C:/Users/jukken/rpi4_hyp_803/src/hardware/startup/boards/../../../../install/aarch64le/usr/lib\libstartup.a(fdt_init_bootopt.o)
 .eh_frame      0x0000000000000cc0       0x28 C:/Users/jukken/rpi4_hyp_803/src/hardware/startup/boards/../../../../install/aarch64le/usr/lib\libstartup.a(getopt.o)
 .eh_frame      0x0000000000000ce8       0x38 C:/Users/jukken/rpi4_hyp_803/src/hardware/startup/boards/../../../../install/aarch64le/usr/lib\libstartup.a(getsize.o)
 .eh_frame      0x0000000000000d20       0xb8 C:/Users/jukken/rpi4_hyp_803/src/hardware/startup/boards/../../../../install/aarch64le/usr/lib\libstartup.a(gic_v2.o)
 .eh_frame      0x0000000000000dd8       0x90 C:/Users/jukken/rpi4_hyp_803/src/hardware/startup/boards/../../../../install/aarch64le/usr/lib\libstartup.a(hw_serpl011.o)
 .eh_frame      0x0000000000000e68       0x38 C:/Users/jukken/rpi4_hyp_803/src/hardware/startup/boards/../../../../install/aarch64le/usr/lib\libstartup.a(hwi_add_nanospin.o)
 .eh_frame      0x0000000000000ea0       0xc0 C:/Users/jukken/rpi4_hyp_803/src/hardware/startup/boards/../../../../install/aarch64le/usr/lib\libstartup.a(hwi_alloc.o)
 .eh_frame      0x0000000000000f60       0x28 C:/Users/jukken/rpi4_hyp_803/src/hardware/startup/boards/../../../../install/aarch64le/usr/lib\libstartup.a(hwi_find_as.o)
 .eh_frame      0x0000000000000f88       0x48 C:/Users/jukken/rpi4_hyp_803/src/hardware/startup/boards/../../../../install/aarch64le/usr/lib\libstartup.a(hwidev_add.o)
 .eh_frame      0x0000000000000fd0       0x40 C:/Users/jukken/rpi4_hyp_803/src/hardware/startup/boards/../../../../install/aarch64le/usr/lib\libstartup.a(hwidev_add_dma.o)
 .eh_frame      0x0000000000001010       0x40 C:/Users/jukken/rpi4_hyp_803/src/hardware/startup/boards/../../../../install/aarch64le/usr/lib\libstartup.a(hwidev_add_enet.o)
 .eh_frame      0x0000000000001050       0x48 C:/Users/jukken/rpi4_hyp_803/src/hardware/startup/boards/../../../../install/aarch64le/usr/lib\libstartup.a(hwidev_add_timer.o)
 .eh_frame      0x0000000000001098       0x58 C:/Users/jukken/rpi4_hyp_803/src/hardware/startup/boards/../../../../install/aarch64le/usr/lib\libstartup.a(hwitag_add_common.o)
 .eh_frame      0x00000000000010f0       0x38 C:/Users/jukken/rpi4_hyp_803/src/hardware/startup/boards/../../../../install/aarch64le/usr/lib\libstartup.a(hwitag_add_inputclk.o)
 .eh_frame      0x0000000000001128       0x38 C:/Users/jukken/rpi4_hyp_803/src/hardware/startup/boards/../../../../install/aarch64le/usr/lib\libstartup.a(hwitag_add_irq.o)
 .eh_frame      0x0000000000001160       0x40 C:/Users/jukken/rpi4_hyp_803/src/hardware/startup/boards/../../../../install/aarch64le/usr/lib\libstartup.a(hwitag_add_location.o)
 .eh_frame      0x00000000000011a0       0x38 C:/Users/jukken/rpi4_hyp_803/src/hardware/startup/boards/../../../../install/aarch64le/usr/lib\libstartup.a(hwitag_add_nicaddr.o)
 .eh_frame      0x00000000000011d8       0x38 C:/Users/jukken/rpi4_hyp_803/src/hardware/startup/boards/../../../../install/aarch64le/usr/lib\libstartup.a(hwitag_add_nicphyaddr.o)
 .eh_frame      0x0000000000001210       0x38 C:/Users/jukken/rpi4_hyp_803/src/hardware/startup/boards/../../../../install/aarch64le/usr/lib\libstartup.a(hwitag_add_regname.o)
 .eh_frame      0x0000000000001248       0x38 C:/Users/jukken/rpi4_hyp_803/src/hardware/startup/boards/../../../../install/aarch64le/usr/lib\libstartup.a(hwitag_set_inputclk.o)
 .eh_frame      0x0000000000001280       0x48 C:/Users/jukken/rpi4_hyp_803/src/hardware/startup/boards/../../../../install/aarch64le/usr/lib\libstartup.a(hwitag_set_ivec.o)
 .eh_frame      0x00000000000012c8       0x80 C:/Users/jukken/rpi4_hyp_803/src/hardware/startup/boards/../../../../install/aarch64le/usr/lib\libstartup.a(hypervisor_setup.o)
 .eh_frame      0x0000000000001348       0x28 C:/Users/jukken/rpi4_hyp_803/src/hardware/startup/boards/../../../../install/aarch64le/usr/lib\libstartup.a(init_cacheattr.o)
 .eh_frame      0x0000000000001370       0x78 C:/Users/jukken/rpi4_hyp_803/src/hardware/startup/boards/../../../../install/aarch64le/usr/lib\libstartup.a(init_cpuinfo.o)
 .eh_frame      0x00000000000013e8       0x38 C:/Users/jukken/rpi4_hyp_803/src/hardware/startup/boards/../../../../install/aarch64le/usr/lib\libstartup.a(init_mmu.o)
 .eh_frame      0x0000000000001420       0x28 C:/Users/jukken/rpi4_hyp_803/src/hardware/startup/boards/../../../../install/aarch64le/usr/lib\libstartup.a(init_qtime.o)
 .eh_frame      0x0000000000001448       0x68 C:/Users/jukken/rpi4_hyp_803/src/hardware/startup/boards/../../../../install/aarch64le/usr/lib\libstartup.a(init_qtime_v8gt.o)
 .eh_frame      0x00000000000014b0       0xa8 C:/Users/jukken/rpi4_hyp_803/src/hardware/startup/boards/../../../../install/aarch64le/usr/lib\libstartup.a(init_smp.o)
 .eh_frame      0x0000000000001558       0x58 C:/Users/jukken/rpi4_hyp_803/src/hardware/startup/boards/../../../../install/aarch64le/usr/lib\libstartup.a(init_system_private.o)
 .eh_frame      0x00000000000015b0       0x30 C:/Users/jukken/rpi4_hyp_803/src/hardware/startup/boards/../../../../install/aarch64le/usr/lib\libstartup.a(invert_timer_freq.o)
 .eh_frame      0x00000000000015e0       0x68 C:/Users/jukken/rpi4_hyp_803/src/hardware/startup/boards/../../../../install/aarch64le/usr/lib\libstartup.a(jtag.o)
 .eh_frame      0x0000000000001648      0x160 C:/Users/jukken/rpi4_hyp_803/src/hardware/startup/boards/../../../../install/aarch64le/usr/lib\libstartup.a(kprintf.o)
 .eh_frame      0x00000000000017a8       0x78 C:/Users/jukken/rpi4_hyp_803/src/hardware/startup/boards/../../../../install/aarch64le/usr/lib\libstartup.a(load_ifs.o)
 .eh_frame      0x0000000000001820       0x28 C:/Users/jukken/rpi4_hyp_803/src/hardware/startup/boards/../../../../install/aarch64le/usr/lib\libstartup.a(map_callout_io.o)
 .eh_frame      0x0000000000001848       0x40 C:/Users/jukken/rpi4_hyp_803/src/hardware/startup/boards/../../../../install/aarch64le/usr/lib\libstartup.a(map_startup_mem.o)
 .eh_frame      0x0000000000001888       0x28 C:/Users/jukken/rpi4_hyp_803/src/hardware/startup/boards/../../../../install/aarch64le/usr/lib\libstartup.a(memcpy.o)
 .eh_frame      0x00000000000018b0       0x50 C:/Users/jukken/rpi4_hyp_803/src/hardware/startup/boards/../../../../install/aarch64le/usr/lib\libstartup.a(memfuncs.o)
 .eh_frame      0x0000000000001900       0x30 C:/Users/jukken/rpi4_hyp_803/src/hardware/startup/boards/../../../../install/aarch64le/usr/lib\libstartup.a(memmove.o)
 .eh_frame      0x0000000000001930      0x348 C:/Users/jukken/rpi4_hyp_803/src/hardware/startup/boards/../../../../install/aarch64le/usr/lib\libstartup.a(print_sysp.o)
 .eh_frame      0x0000000000001c78      0x280 C:/Users/jukken/rpi4_hyp_803/src/hardware/startup/boards/../../../../install/aarch64le/usr/lib\libstartup.a(ram.o)
 .eh_frame      0x0000000000001ef8      0x1c8 C:/Users/jukken/rpi4_hyp_803/src/hardware/startup/boards/../../../../install/aarch64le/usr/lib\libstartup.a(restore_ifs.o)
 .eh_frame      0x00000000000020c0       0x30 C:/Users/jukken/rpi4_hyp_803/src/hardware/startup/boards/../../../../install/aarch64le/usr/lib\libstartup.a(ssp.o)
 .eh_frame      0x00000000000020f0       0x38 C:/Users/jukken/rpi4_hyp_803/src/hardware/startup/boards/../../../../install/aarch64le/usr/lib\libstartup.a(startnext.o)
 .eh_frame      0x0000000000002128      0x110 C:/Users/jukken/rpi4_hyp_803/src/hardware/startup/boards/../../../../install/aarch64le/usr/lib\libstartup.a(strings.o)
 .eh_frame      0x0000000000002238       0x40 C:/Users/jukken/rpi4_hyp_803/src/hardware/startup/boards/../../../../install/aarch64le/usr/lib\libstartup.a(strtoul.o)
 .eh_frame      0x0000000000002278      0x118 C:/Users/jukken/rpi4_hyp_803/src/hardware/startup/boards/../../../../install/aarch64le/usr/lib\libstartup.a(syspage_memory.o)
 .eh_frame      0x0000000000002390       0x28 C:/Users/jukken/rpi4_hyp_803/src/hardware/startup/boards/../../../../install/aarch64le/usr/lib\libstartup.a(tweak_cmdline.o)
 .eh_frame      0x00000000000023b8       0x40 C:/Users/jukken/rpi4_hyp_803/src/hardware/startup/boards/../../../../install/aarch64le/usr/lib\libstartup.a(uncompress.o)
 .eh_frame      0x00000000000023f8       0x40 C:/Users/jukken/rpi4_hyp_803/src/hardware/startup/boards/../../../../install/aarch64le/usr/lib\libstartup.a(uncompress_ucl.o)
 .eh_frame      0x0000000000002438       0x28 C:/Users/jukken/rpi4_hyp_803/src/hardware/startup/boards/../../../../install/aarch64le/usr/lib\libstartup.a(aarch64_cpuspeed.o)
 .eh_frame      0x0000000000002460      0x118 C:/Users/jukken/rpi4_hyp_803/src/hardware/startup/boards/../../../../install/aarch64le/usr/lib\libstartup.a(aarch64_map.o)
 .eh_frame      0x0000000000002578       0x88 C:/Users/jukken/rpi4_hyp_803/src/hardware/startup/boards/../../../../install/aarch64le/usr/lib\libstartup.a(add_cache.o)
 .eh_frame      0x0000000000002600       0x40 C:/Users/jukken/rpi4_hyp_803/src/hardware/startup/boards/../../../../install/aarch64le/usr/lib\libstartup.a(alloc_qtime.o)
 .eh_frame      0x0000000000002640       0x30 C:/Users/jukken/rpi4_hyp_803/src/hardware/startup/boards/../../../../install/aarch64le/usr/lib\libstartup.a(ap_fail.o)
 .eh_frame      0x0000000000002670       0x28 C:/Users/jukken/rpi4_hyp_803/src/hardware/startup/boards/../../../../install/aarch64le/usr/lib\libstartup.a(as_add.o)
 .eh_frame      0x0000000000002698       0x50 C:/Users/jukken/rpi4_hyp_803/src/hardware/startup/boards/../../../../install/aarch64le/usr/lib\libstartup.a(as_add64.o)
 .eh_frame      0x00000000000026e8       0x28 C:/Users/jukken/rpi4_hyp_803/src/hardware/startup/boards/../../../../install/aarch64le/usr/lib\libstartup.a(as_default.o)
 .eh_frame      0x0000000000002710       0x58 C:/Users/jukken/rpi4_hyp_803/src/hardware/startup/boards/../../../../install/aarch64le/usr/lib\libstartup.a(as_find.o)
 .eh_frame      0x0000000000002768       0xe0 C:/Users/jukken/rpi4_hyp_803/src/hardware/startup/boards/../../../../install/aarch64le/usr/lib\libstartup.a(board_sysctl.o)
 .eh_frame      0x0000000000002848       0x48 C:/Users/jukken/rpi4_hyp_803/src/hardware/startup/boards/../../../../install/aarch64le/usr/lib\libstartup.a(cpu_startnext.o)
 .eh_frame      0x0000000000002890       0x90 C:/Users/jukken/rpi4_hyp_803/src/hardware/startup/boards/../../../../install/aarch64le/usr/lib\libstartup.a(cpu_syspage_memory.o)
 .eh_frame      0x0000000000002920       0x28 C:/Users/jukken/rpi4_hyp_803/src/hardware/startup/boards/../../../../install/aarch64le/usr/lib\libstartup.a(cpuid_a75.o)
 .eh_frame      0x0000000000002948       0x28 C:/Users/jukken/rpi4_hyp_803/src/hardware/startup/boards/../../../../install/aarch64le/usr/lib\libstartup.a(cpuid_a76.o)
 .eh_frame      0x0000000000002970       0x28 C:/Users/jukken/rpi4_hyp_803/src/hardware/startup/boards/../../../../install/aarch64le/usr/lib\libstartup.a(cpuid_d20.o)
 .eh_frame      0x0000000000002998       0x28 C:/Users/jukken/rpi4_hyp_803/src/hardware/startup/boards/../../../../install/aarch64le/usr/lib\libstartup.a(crash_done.o)
 .eh_frame      0x00000000000029c0       0x28 C:/Users/jukken/rpi4_hyp_803/src/hardware/startup/boards/../../../../install/aarch64le/usr/lib\libstartup.a(dummy_print_char.o)
 .eh_frame      0x00000000000029e8       0xb0 C:/Users/jukken/rpi4_hyp_803/src/hardware/startup/boards/../../../../install/aarch64le/usr/lib\libstartup.a(elf.o)
 .eh_frame      0x0000000000002a98       0x98 C:/Users/jukken/rpi4_hyp_803/src/hardware/startup/boards/../../../../install/aarch64le/usr/lib\libstartup.a(elf32.o)
 .eh_frame      0x0000000000002b30       0x98 C:/Users/jukken/rpi4_hyp_803/src/hardware/startup/boards/../../../../install/aarch64le/usr/lib\libstartup.a(elf64.o)
 .eh_frame      0x0000000000002bc8       0x28 C:/Users/jukken/rpi4_hyp_803/src/hardware/startup/boards/../../../../install/aarch64le/usr/lib\libstartup.a(elf_map.o)
 .eh_frame      0x0000000000002bf0       0x48 C:/Users/jukken/rpi4_hyp_803/src/hardware/startup/boards/../../../../install/aarch64le/usr/lib\libstartup.a(hwi_add_device.o)
 .eh_frame      0x0000000000002c38       0x30 C:/Users/jukken/rpi4_hyp_803/src/hardware/startup/boards/../../../../install/aarch64le/usr/lib\libstartup.a(hwi_default.o)
 .eh_frame      0x0000000000002c68       0x80 C:/Users/jukken/rpi4_hyp_803/src/hardware/startup/boards/../../../../install/aarch64le/usr/lib\libstartup.a(hypervisor.o)
 .eh_frame      0x0000000000002ce8       0x48 C:/Users/jukken/rpi4_hyp_803/src/hardware/startup/boards/../../../../install/aarch64le/usr/lib\libstartup.a(init_mitigation_mem.o)
 .eh_frame      0x0000000000002d30       0x28 C:/Users/jukken/rpi4_hyp_803/src/hardware/startup/boards/../../../../install/aarch64le/usr/lib\libstartup.a(rtc_time.o)
 .eh_frame      0x0000000000002d58       0x28 C:/Users/jukken/rpi4_hyp_803/src/hardware/startup/boards/../../../../install/aarch64le/usr/lib\libstartup.a(startup_info.o)
 .eh_frame      0x0000000000002d80       0x50 C:/Users/jukken/qnx803/target/qnx/aarch64le/usr/lib\libucl.a(n2b_d.o)
 .eh_frame      0x0000000000002dd0       0x60 C:/Users/jukken/qnx803/target/qnx/aarch64le/usr/lib\libdrvr.a(hwi_find_unit.o)
 .eh_frame      0x0000000000002e30       0x58 C:/Users/jukken/qnx803/target/qnx/aarch64le/usr/lib\libdrvr.a(hwi_tag_find.o)
 .eh_frame      0x0000000000002e88       0x40 C:/Users/jukken/qnx803/target/qnx/aarch64le/usr/lib\libdrvr.a(hwi_find_bus.o)
 .eh_frame      0x0000000000002ec8       0x40 C:/Users/jukken/qnx803/target/qnx/aarch64le/usr/lib\libdrvr.a(hwi_find_device.o)
 .eh_frame      0x0000000000002f08       0x58 C:/Users/jukken/qnx803/target/qnx/aarch64le/usr/lib\libdrvr.a(hwi_find.o)
 .eh_frame      0x0000000000002f60      0x1a8 C:/Users/jukken/qnx803/target/qnx/aarch64le/usr/lib\libfdt.a(fdt.o)
 .eh_frame      0x0000000000003108      0x770 C:/Users/jukken/qnx803/target/qnx/aarch64le/usr/lib\libfdt.a(fdt_ro.o)
 .eh_frame      0x0000000000003878       0x58 C:/Users/jukken/qnx803/target/qnx/aarch64le/lib\libc.a(hwi_find_item.o)
 .eh_frame      0x00000000000038d0       0x48 C:/Users/jukken/qnx803/target/qnx/aarch64le/lib\libc.a(hwi_next_tag.o)
 .eh_frame      0x0000000000003918       0x38 C:/Users/jukken/qnx803/target/qnx/aarch64le/lib\libc.a(hwi_off2tag.o)
 .eh_frame      0x0000000000003950       0x38 C:/Users/jukken/qnx803/target/qnx/aarch64le/lib\libc.a(hwi_tag2off.o)
 .eh_frame      0x0000000000003988       0x28 C:/Users/jukken/qnx803/target/qnx/aarch64le/lib\libc.a(memchr.o)
 .eh_frame      0x00000000000039b0       0x28 C:/Users/jukken/qnx803/target/qnx/aarch64le/lib\libc.a(memset.o)
 .eh_frame      0x00000000000039d8       0x28 C:/Users/jukken/qnx803/target/qnx/aarch64le/lib\libc.a(strchr.o)
 .eh_frame      0x0000000000003a00       0x28 C:/Users/jukken/qnx803/target/qnx/aarch64le/lib\libc.a(strlcpy.o)
 .eh_frame      0x0000000000003a28       0x28 C:/Users/jukken/qnx803/target/qnx/aarch64le/lib\libc.a(strnlen.o)
 .eh_frame      0x0000000000003a50       0x28 C:/Users/jukken/qnx803/target/qnx/aarch64le/lib\libc.a(strrchr.o)
 .eh_frame      0x0000000000003a78       0x28 C:/Users/jukken/qnx803/target/qnx/aarch64le/lib\libc.a(strtol.o)
 .eh_frame      0x0000000000003aa0       0x50 C:/Users/jukken/qnx803/target/qnx/aarch64le/lib\libc.a(__progname.o)
 .eh_frame      0x0000000000003af0       0xc0 C:/Users/jukken/qnx803/target/qnx/aarch64le/lib\libc.a(_ssp.o)
 .eh_frame      0x0000000000003bb0       0x48 C:/Users/jukken/qnx803/target/qnx/aarch64le/lib\libc.a(getsubopt.o)
 .eh_frame      0x0000000000003bf8       0x60 C:/Users/jukken/qnx803/target/qnx/aarch64le/lib\libc.a(xstoint.o)
 .eh_frame      0x0000000000003c58       0x28 C:/Users/jukken/qnx803/target/qnx/aarch64le/lib\libc.a(strncmp.o)
 .eh_frame      0x0000000000003c80       0x34 C:/Users/jukken/qnx803/target/qnx/aarch64le/lib\libc.a(xctype.o)
                                         0x38 (size before relaxing)

.sframe
 *(.sframe)

.gcc_except_table
 *(.gcc_except_table)

.gnu_extab
 *(.gnu_extab*)

.exception_ranges
 *(.exception_ranges)

.eh_frame
 *(.eh_frame)

.sframe
 *(.sframe)

.gnu_extab
 *(.gnu_extab)

.gcc_except_table
 *(.gcc_except_table)

.exception_ranges
 *(.exception_ranges)

.tdata
 *(.tdata)

.tbss
 *(.tbss)

.jcr
 *(.jcr)

.dynamic
 *(.dynamic)

.got
 *(.got)

.got.plt
 *(.got.plt)

.data           0x0000000000000000     0x3338
 *(.data)
 .data          0x0000000000000000        0x0 _start.o
 .data          0x0000000000000000        0x0 bcm2711_init_board.o
 .data          0x0000000000000000        0x0 bcm2711_init_raminfo.o
 .data          0x0000000000000000        0x0 board_smp.o
 .data          0x0000000000000000        0x0 callout_debug_miniuart.o
 .data          0x0000000000000000       0x10 callout_interrupt_bcm2711_msi.o
 .data          0x0000000000000010        0x0 callout_reboot_bcm2711.o
 .data          0x0000000000000010        0x0 hw_ser_miniuart.o
 .data          0x0000000000000010        0x0 init_asinfo.o
 .data          0x0000000000000010       0xa8 init_board_type.o
 .data          0x00000000000000b8        0x0 init_hwinfo.o
 .data          0x00000000000000b8        0x0 init_intrinfo.o
 .data          0x00000000000000b8        0x0 init_wdt.o
 .data          0x00000000000000b8        0x0 main.o
 .data          0x00000000000000b8        0x0 mbox.o
 .data          0x00000000000000b8       0x59 rpi4_board_config.o
 *fill*         0x0000000000000111        0x7 
 .data          0x0000000000000118       0x20 C:/Users/jukken/rpi4_hyp_803/src/hardware/startup/boards/../../../../install/aarch64le/usr/lib\libstartup.a(_main.o)
                0x0000000000000118                smp_hook_rtn
                0x0000000000000120                first_bootstrap_start_vaddr
                0x0000000000000128                system_dcache_idx
                0x000000000000012c                system_icache_idx
                0x0000000000000130                max_cpus
                0x0000000000000134                paddr_bits
 .data          0x0000000000000138        0x0 C:/Users/jukken/rpi4_hyp_803/src/hardware/startup/boards/../../../../install/aarch64le/usr/lib\libstartup.a(add_interrupt.o)
 .data          0x0000000000000138        0x0 C:/Users/jukken/rpi4_hyp_803/src/hardware/startup/boards/../../../../install/aarch64le/usr/lib\libstartup.a(as_add_containing.o)
 .data          0x0000000000000138        0x0 C:/Users/jukken/rpi4_hyp_803/src/hardware/startup/boards/../../../../install/aarch64le/usr/lib\libstartup.a(as_find_containing.o)
 .data          0x0000000000000138        0x0 C:/Users/jukken/rpi4_hyp_803/src/hardware/startup/boards/../../../../install/aarch64le/usr/lib\libstartup.a(as_off2info.o)
 .data          0x0000000000000138        0x0 C:/Users/jukken/rpi4_hyp_803/src/hardware/startup/boards/../../../../install/aarch64le/usr/lib\libstartup.a(board_init.o)